Starting process: module

Starting process: 

SCUBA, Version Diamond (64-bit) 3.14.0.75.2
Tue May 26 11:29:31 2026

Copyright (c) 1991-1994 by NeoCAD Inc. All rights reserved.
Copyright (c) 1995 AT&T Corp.   All rights reserved.
Copyright (c) 1995-2001 Lucent Technologies Inc.  All rights reserved.
Copyright (c) 2001 Agere Systems   All rights reserved.
Copyright (c) 2002-2024 Lattice Semiconductor Corporation,  All rights reserved.

BEGIN SCUBA Module Synthesis

    Issued command   : E:\Apps\Lattice Diamond\ispfpga\bin\nt64\scuba.exe -w -n FIFOlg -lang vhdl -synth synplify -bus_exp 7 -bb -arch sa5p00m -type ebfifo -depth 2048 -width 8 -rwidth 8 -reset_rel SYNC -pe 10 -pe2 12 -pf 1500 -pf2 1400 
    Circuit name     : FIFOlg
    Module type      : ebfifo
    Module Version   : 5.8
    Ports            : 
	Inputs       : Data[7:0], WrClock, RdClock, WrEn, RdEn, Reset, RPReset
	Outputs      : Q[7:0], Empty, Full, AlmostEmpty, AlmostFull
    I/O buffer       : not inserted
    EDIF output      : FIFOlg.edn
    VHDL output      : FIFOlg.vhd
    VHDL template    : FIFOlg_tmpl.vhd
    VHDL testbench   : tb_FIFOlg_tmpl.vhd
    VHDL purpose     : for synthesis and simulation
    Bus notation     : big endian
    Report output    : FIFOlg.srp
    Estimated Resource Usage:
            LUT : 247
            EBR : 1
            Reg : 172

END   SCUBA Module Synthesis

File: FIFOlg.lpc created.


End process: completed successfully.


Total Warnings:  0

Total Errors:  0


