SCUBA, Version Diamond (64-bit) 3.14.0.75.2
Tue May 26 11:32:09 2026
  
Copyright (c) 1991-1994 by NeoCAD Inc. All rights reserved.
Copyright (c) 1995 AT&T Corp.   All rights reserved.
Copyright (c) 1995-2001 Lucent Technologies Inc.  All rights reserved.
Copyright (c) 2001 Agere Systems   All rights reserved.
Copyright (c) 2002-2024 Lattice Semiconductor Corporation,  All rights reserved.
  
BEGIN SCUBA Module Synthesis
  
    Issued command   : E:\Apps\Lattice Diamond\ispfpga\bin\nt64\scuba.exe -w -n FIFOsm_ADC -lang vhdl -synth synplify -bus_exp 7 -bb -arch sa5p00m -type ebfifo -depth 128 -width 24 -rwidth 24 -reset_rel SYNC -pe 10 -pe2 12 -pf 110 -pf2 100 
    Circuit name     : FIFOsm_ADC
    Module type      : ebfifo
    Module Version   : 5.8
    Ports            : 
    Inputs       : Data[23:0], WrClock, RdClock, WrEn, RdEn, Reset, RPReset
    Outputs      : Q[23:0], Empty, Full, AlmostEmpty, AlmostFull
    I/O buffer       : not inserted
    EDIF output      : FIFOsm_ADC.edn
    VHDL output      : FIFOsm_ADC.vhd
    VHDL template    : FIFOsm_ADC_tmpl.vhd
    VHDL testbench   : tb_FIFOsm_ADC_tmpl.vhd
    VHDL purpose     : for synthesis and simulation
    Bus notation     : big endian
    Report output    : FIFOsm_ADC.srp
    Estimated Resource Usage:
            LUT : 179
            EBR : 1
            Reg : 116
  
END   SCUBA Module Synthesis

