
map -a "ECP5U" -p LFE5U-45F -t CABGA381 -s 7 -oc Industrial   "ethernet_tx_path_impl2.ngd" -o "ethernet_tx_path_impl2_map.ncd" -pr "ethernet_tx_path_impl2.prf" -mp "ethernet_tx_path_impl2.mrp" -lpf "D:/BAP/EE-Dev-BAP/VHDL/lattice_tx_path/impl2/ethernet_tx_path_impl2.lpf" -lpf "D:/BAP/EE-Dev-BAP/VHDL/lattice_tx_path/ethernet_tx_path.lpf"             
map:  version Diamond (64-bit) 3.14.0.75.2

Copyright (c) 1991-1994 by NeoCAD Inc. All rights reserved.
Copyright (c) 1995 AT&T Corp.   All rights reserved.
Copyright (c) 1995-2001 Lucent Technologies Inc.  All rights reserved.
Copyright (c) 2001 Agere Systems   All rights reserved.
Copyright (c) 2002-2024 Lattice Semiconductor Corporation,  All rights reserved.
   Process the file: ethernet_tx_path_impl2.ngd
   Picdevice="LFE5U-45F"

   Pictype="CABGA381"

   Picspeed=7

   Remove unused logic

   Do not produce over sized NCDs.

Part used: LFE5U-45FCABGA381, Performance used: 7.

Loading device for application map from file 'sa5p45.nph' in environment: D:/lscc/diamond/3.14/ispfpga.
Package Status:                     Final          Version 1.50.

Running general design DRC...

Removing unused logic...

Optimizing...

248 CCU2 constant inputs absorbed.




Design Summary:
   Number of registers:    151 out of 44457 (0%)
      PFU registers:          151 out of 43848 (0%)
      PIO registers:            0 out of   609 (0%)
   Number of SLICEs:       305 out of 21924 (1%)
      SLICEs as Logic/ROM:    305 out of 21924 (1%)
      SLICEs as RAM:            0 out of 16443 (0%)
      SLICEs as Carry:         67 out of 21924 (0%)
   Number of LUT4s:        549 out of 43848 (1%)
      Number used as logic LUTs:        415
      Number used as distributed RAM:     0
      Number used as ripple logic:      134
      Number used as shift registers:     0
   Number of PIO sites used: 8 out of 203 (4%)
   Number of IDDR/ODDR/TDDR cells used: 6 out of 609 (1%)
      Number of IDDR cells:   0
      Number of ODDR cells:   6
      Number of TDDR cells:   0
   Number of PIO using at least one IDDR/ODDR/TDDR: 6 (0 differential)
      Number of PIO using IDDR only:        0 (0 differential)
      Number of PIO using ODDR only:        6 (0 differential)
      Number of PIO using TDDR only:        0 (0 differential)
      Number of PIO using IDDR/ODDR:        0 (0 differential)
      Number of PIO using IDDR/TDDR:        0 (0 differential)
      Number of PIO using ODDR/TDDR:        0 (0 differential)
      Number of PIO using IDDR/ODDR/TDDR:   0 (0 differential)
   Number of block RAMs:  0 out of 108 (0%)
   Number of GSRs:  1 out of 1 (100%)
   JTAG used :      No
   Readback used :  No
   Oscillator used :  No
   Startup used :   No
   DTR used :   No
   Number of Dynamic Bank Controller (BCINRD):  0 out of 4 (0%)
   Number of Dynamic Bank Controller (BCLVDSOB):  0 out of 4 (0%)
   Number of DCC:  0 out of 60 (0%)
   Number of DCS:  0 out of 2 (0%)
   Number of PLLs:  0 out of 4 (0%)
   Number of DDRDLLs:  0 out of 4 (0%)
   Number of CLKDIV:  0 out of 4 (0%)
   Number of ECLKSYNC:  0 out of 10 (0%)
   Number of ECLKBRIDGECS:  0 out of 2 (0%)
   Notes:-
      1. Total number of LUT4s = (Number of logic LUT4s) + 2*(Number of distributed RAMs) + 2*(Number of ripple logic)
      2. Number of logic LUT4s does not include count of distributed RAM and ripple logic.

   Number Of Mapped DSP Components:
   --------------------------------
   MULT18X18D          0
   MULT9X9D            0
   ALU54B              0
   ALU24B              0
   PRADD18A            0
   PRADD9A             0
   --------------------------------
   Number of Used DSP MULT Sites:  0 out of 144 (0 %)
   Number of Used DSP ALU Sites:  0 out of 72 (0 %)
   Number of Used DSP PRADD Sites:  0 out of 144 (0 %)
   Number of clocks:  1
     Net clk_c: 93 loads, 93 rising, 0 falling (Driver: PIO clk )
   Number of Clock Enables:  5
     Net dut/mac_inst/clk_c_enable_17: 2 loads, 2 LSLICEs
     Net dut/mac_inst/clk_c_enable_8: 4 loads, 4 LSLICEs
     Net clk_c_enable_19: 2 loads, 2 LSLICEs
     Net dut/mac_inst/clk_c_enable_9: 1 loads, 1 LSLICEs
     Net clk_c_enable_16: 4 loads, 4 LSLICEs
   Number of local set/reset loads for net rst_c merged into GSR:  6
   Number of LSRs:  3
     Net rst_c: 61 loads, 61 LSLICEs
     Net dut/mac_inst/n1334: 3 loads, 3 LSLICEs
     Net n2447: 17 loads, 17 LSLICEs
   Number of nets driven by tri-state buffers:  0
   Top 10 highest fanout non-clock nets:
     Net rst_c: 71 loads
     Net dut/n423: 62 loads
     Net dut/n6493: 50 loads
     Net dut/mac_inst/n421: 48 loads
     Net dut/mac_inst/n422: 44 loads
     Net dut/idx_2: 38 loads
     Net dut/n425: 38 loads
     Net dut/idx_1: 33 loads
     Net dut/mac_inst/n6495: 33 loads
     Net dut/idx_0: 32 loads
 

   Number of warnings:  0
   Number of errors:    0



Total CPU Time: 0 secs  
Total REAL Time: 0 secs  
Peak Memory Usage: 159 MB

Dumping design to file ethernet_tx_path_impl2_map.ncd.

ncd2vdb "ethernet_tx_path_impl2_map.ncd" ".vdbs/ethernet_tx_path_impl2_map.vdb"

Loading device for application ncd2vdb from file 'sa5p45.nph' in environment: D:/lscc/diamond/3.14/ispfpga.

trce -f "ethernet_tx_path_impl2.mt" -o "ethernet_tx_path_impl2.tw1" "ethernet_tx_path_impl2_map.ncd" "ethernet_tx_path_impl2.prf"
trce:  version Diamond (64-bit) 3.14.0.75.2

Copyright (c) 1991-1994 by NeoCAD Inc. All rights reserved.
Copyright (c) 1995 AT&T Corp.   All rights reserved.
Copyright (c) 1995-2001 Lucent Technologies Inc.  All rights reserved.
Copyright (c) 2001 Agere Systems   All rights reserved.
Copyright (c) 2002-2024 Lattice Semiconductor Corporation,  All rights reserved.

Loading design for application trce from file ethernet_tx_path_impl2_map.ncd.
Design name: top_tb_fpga
NCD version: 3.3
Vendor:      LATTICE
Device:      LFE5U-45F
Package:     CABGA381
Performance: 7
Loading device for application trce from file 'sa5p45.nph' in environment: D:/lscc/diamond/3.14/ispfpga.
Package Status:                     Final          Version 1.50.
Performance Hardware Data Status:   Final          Version 55.1.
Setup and Hold Report

--------------------------------------------------------------------------------
Lattice TRACE Report - Setup, Version Diamond (64-bit) 3.14.0.75.2
Thu May 28 12:54:25 2026

Copyright (c) 1991-1994 by NeoCAD Inc. All rights reserved.
Copyright (c) 1995 AT&T Corp.   All rights reserved.
Copyright (c) 1995-2001 Lucent Technologies Inc.  All rights reserved.
Copyright (c) 2001 Agere Systems   All rights reserved.
Copyright (c) 2002-2024 Lattice Semiconductor Corporation,  All rights reserved.

Report Information
------------------
Command line:    trce -v 1 -gt -mapchkpnt 0 -sethld -o ethernet_tx_path_impl2.tw1 -gui -msgset D:/BAP/EE-Dev-BAP/VHDL/lattice_tx_path/promote.xml ethernet_tx_path_impl2_map.ncd ethernet_tx_path_impl2.prf 
Design file:     ethernet_tx_path_impl2_map.ncd
Preference file: ethernet_tx_path_impl2.prf
Device,speed:    LFE5U-45F,7
Report level:    verbose report, limited to 1 item per preference
--------------------------------------------------------------------------------

BLOCK ASYNCPATHS
BLOCK RESETPATHS
--------------------------------------------------------------------------------



Timing summary (Setup):
---------------

Timing errors: 0  Score: 0
Cumulative negative slack: 0

Constraints cover 9943 paths, 1 nets, and 1994 connections (95.13% coverage)

--------------------------------------------------------------------------------
Lattice TRACE Report - Hold, Version Diamond (64-bit) 3.14.0.75.2
Thu May 28 12:54:25 2026

Copyright (c) 1991-1994 by NeoCAD Inc. All rights reserved.
Copyright (c) 1995 AT&T Corp.   All rights reserved.
Copyright (c) 1995-2001 Lucent Technologies Inc.  All rights reserved.
Copyright (c) 2001 Agere Systems   All rights reserved.
Copyright (c) 2002-2024 Lattice Semiconductor Corporation,  All rights reserved.

Report Information
------------------
Command line:    trce -v 1 -gt -mapchkpnt 0 -sethld -o ethernet_tx_path_impl2.tw1 -gui -msgset D:/BAP/EE-Dev-BAP/VHDL/lattice_tx_path/promote.xml ethernet_tx_path_impl2_map.ncd ethernet_tx_path_impl2.prf 
Design file:     ethernet_tx_path_impl2_map.ncd
Preference file: ethernet_tx_path_impl2.prf
Device,speed:    LFE5U-45F,M
Report level:    verbose report, limited to 1 item per preference
--------------------------------------------------------------------------------

BLOCK ASYNCPATHS
BLOCK RESETPATHS
--------------------------------------------------------------------------------



Timing summary (Hold):
---------------

Timing errors: 0  Score: 0
Cumulative negative slack: 0

Constraints cover 9943 paths, 1 nets, and 2019 connections (96.33% coverage)



Timing summary (Setup and Hold):
---------------

Timing errors: 0 (setup), 0 (hold)
Score: 0 (setup), 0 (hold)
Cumulative negative slack: 0 (0+0)
--------------------------------------------------------------------------------

--------------------------------------------------------------------------------

Total CPU Time: 1 secs 
Total REAL Time: 2 secs 
Peak Memory Usage: 219 MB


ldbanno "ethernet_tx_path_impl2_map.ncd" -n VHDL -o "ethernet_tx_path_impl2_mapvho.vho" -w -neg
ldbanno: version Diamond (64-bit) 3.14.0.75.2
Copyright (c) 1991-1994 by NeoCAD Inc. All rights reserved.
Copyright (c) 1995 AT&T Corp.   All rights reserved.
Copyright (c) 1995-2001 Lucent Technologies Inc.  All rights reserved.
Copyright (c) 2001 Agere Systems   All rights reserved.
Copyright (c) 2002-2024 Lattice Semiconductor Corporation,  All rights reserved.

Writing a VHDL netlist using the orca library type based on the ethernet_tx_path_impl2_map design file.


Loading design for application ldbanno from file ethernet_tx_path_impl2_map.ncd.
Design name: top_tb_fpga
NCD version: 3.3
Vendor:      LATTICE
Device:      LFE5U-45F
Package:     CABGA381
Performance: 7
Loading device for application ldbanno from file 'sa5p45.nph' in environment: D:/lscc/diamond/3.14/ispfpga.
Package Status:                     Final          Version 1.50.
Performance Hardware Data Status:   Final          Version 55.1.
Converting design ethernet_tx_path_impl2_map.ncd into .ldb format.
Writing VHDL netlist to file ethernet_tx_path_impl2_mapvho.vho
Writing SDF timing to file ethernet_tx_path_impl2_mapvho.sdf
    <postMsg mid="35400250" type="Info"    dynamic="1" navigation="0" arg0="0"  />
Total CPU Time: 1 secs 
Total REAL Time: 0 secs 
Peak Memory Usage: 185 MB

mpartrce -p "ethernet_tx_path_impl2.p2t" -f "ethernet_tx_path_impl2.p3t" -tf "ethernet_tx_path_impl2.pt" "ethernet_tx_path_impl2_map.ncd" "ethernet_tx_path_impl2.ncd"

---- MParTrce Tool ----
Removing old design directory at request of -rem command line option to this program.
Running par. Please wait . . .

Lattice Place and Route Report for Design "ethernet_tx_path_impl2_map.ncd"
Thu May 28 12:54:28 2026

PAR: Place And Route Diamond (64-bit) 3.14.0.75.2.
Command Line: par -w -l 5 -i 6 -t 1 -c 0 -e 0 -gui -msgset D:/BAP/EE-Dev-BAP/VHDL/lattice_tx_path/promote.xml -exp parUseNBR=1:parCDP=auto:parCDR=1:parPathBased=OFF:parASE=1:par_low_skew_clock_net=0 ethernet_tx_path_impl2_map.ncd ethernet_tx_path_impl2.dir/5_1.ncd ethernet_tx_path_impl2.prf
Preference file: ethernet_tx_path_impl2.prf.
Placement level-cost: 5-1.
Routing Iterations: 6

Loading design for application par from file ethernet_tx_path_impl2_map.ncd.
Design name: top_tb_fpga
NCD version: 3.3
Vendor:      LATTICE
Device:      LFE5U-45F
Package:     CABGA381
Performance: 7
Loading device for application par from file 'sa5p45.nph' in environment: D:/lscc/diamond/3.14/ispfpga.
Package Status:                     Final          Version 1.50.
Performance Hardware Data Status:   Final          Version 55.1.
License checked out.


Ignore Preference Error(s):  True
Device utilization summary:

   PIO (prelim)       8/245           3% used
                      8/203           3% bonded
   IOLOGIC            6/245           2% used

   SLICE            305/21924         1% used

   GSR                1/1           100% used


Number of Signals: 684
Number of Connections: 2096

Pin Constraint Summary:
   8 out of 8 pins locked (100% locked).

The following 3 signals are selected to use the primary clock routing resources:
    clk_c (driver: clk, clk/ce/sr load #: 93/0/0)
    rst_c (driver: rst, clk/ce/sr load #: 0/0/61)
    n2447 (driver: SLICE_248, clk/ce/sr load #: 0/0/17)


Signal rst_c is selected as Global Set/Reset.
Starting Placer Phase 0.
............
Finished Placer Phase 0.  REAL time: 2 secs 

Starting Placer Phase 1.
..................
Placer score = 128067.
Finished Placer Phase 1.  REAL time: 6 secs 

Starting Placer Phase 2.
.
Placer score =  123235
Finished Placer Phase 2.  REAL time: 6 secs 


------------------ Clock Report ------------------

Global Clock Resources:
  CLK_PIN    : 2 out of 12 (16%)
  GR_PCLK    : 0 out of 12 (0%)
  PLL        : 0 out of 4 (0%)
  DCS        : 0 out of 2 (0%)
  DCC        : 0 out of 60 (0%)
  CLKDIV     : 0 out of 4 (0%)

Quadrant TL Clocks:

  PRIMARY  : 0 out of 16 (0%)

Quadrant TR Clocks:

  PRIMARY  : 0 out of 16 (0%)

Quadrant BL Clocks:
  PRIMARY "clk_c" from comp "clk" on CLK_PIN site "L19 (PR35C)", CLK/CE/SR load = 77
  PRIMARY "rst_c" from comp "rst" on CLK_PIN site "H2 (PL35C)", CLK/CE/SR load = 56
  PRIMARY "n2447" from F1 on comp "SLICE_248" on site "R61C38A", CLK/CE/SR load = 12

  PRIMARY  : 3 out of 16 (18%)

Quadrant BR Clocks:
  PRIMARY "clk_c" from comp "clk" on CLK_PIN site "L19 (PR35C)", CLK/CE/SR load = 16
  PRIMARY "rst_c" from comp "rst" on CLK_PIN site "H2 (PL35C)", CLK/CE/SR load = 5
  PRIMARY "n2447" from F1 on comp "SLICE_248" on site "R61C38A", CLK/CE/SR load = 5

  PRIMARY  : 3 out of 16 (18%)

Edge Clocks:

  No edge clock selected.


--------------- End of Clock Report ---------------


+
I/O Usage Summary (final):
   8 out of 245 (3.3%) PIO sites used.
   8 out of 203 (3.9%) bonded PIO sites used.
   Number of PIO comps: 8; differential: 0.
   Number of Vref pins used: 0.

I/O Bank Usage Summary:
+----------+---------------+------------+------------+------------+
| I/O Bank | Usage         | Bank Vccio | Bank Vref1 | Bank Vref2 |
+----------+---------------+------------+------------+------------+
| 0        | 0 / 27 (  0%) | -          | -          | -          |
| 1        | 0 / 33 (  0%) | -          | -          | -          |
| 2        | 0 / 32 (  0%) | -          | -          | -          |
| 3        | 7 / 33 ( 21%) | 2.5V       | -          | -          |
| 6        | 1 / 33 (  3%) | 1.5V       | -          | -          |
| 7        | 0 / 32 (  0%) | -          | -          | -          |
| 8        | 0 / 13 (  0%) | -          | -          | -          |
+----------+---------------+------------+------------+------------+

Total placer CPU time: 6 secs 

Dumping design to file ethernet_tx_path_impl2.dir/5_1.ncd.

0 connections routed; 2096 unrouted.
Starting router resource preassignment

Completed router resource preassignment. Real time: 11 secs 

Start NBR router at 12:54:39 05/28/26

*****************************************************************
Info: NBR allows conflicts(one node used by more than one signal)
      in the earlier iterations. In each iteration, it tries to  
      solve the conflicts while keeping the critical connections 
      routed as short as possible. The routing process is said to
      be completed when no conflicts exist and all connections   
      are routed.                                                
Note: NBR uses a different method to calculate timing slacks. The
      worst slack and total negative slack may not be the same as
      that in TRCE report. You should always run TRCE to verify  
      your design.                                               
*****************************************************************

Start NBR special constraint process at 12:54:39 05/28/26

Start NBR section for initial routing at 12:54:39 05/28/26
Level 1, iteration 1
9(0.00%) conflicts; 1666(79.48%) untouched conns; 104 (nbr) score; 
Estimated worst slack/total negative slack<setup>: -0.003ns/-0.104ns; real time: 11 secs 
Level 2, iteration 1
97(0.00%) conflicts; 1308(62.40%) untouched conns; 279 (nbr) score; 
Estimated worst slack/total negative slack<setup>: -0.008ns/-0.279ns; real time: 11 secs 
Level 3, iteration 1
73(0.00%) conflicts; 624(29.77%) untouched conns; 0 (nbr) score; 
Estimated worst slack/total negative slack<setup>: 0.268ns/0.000ns; real time: 12 secs 
Level 4, iteration 1
108(0.01%) conflicts; 0(0.00%) untouched conn; 0 (nbr) score; 
Estimated worst slack/total negative slack<setup>: 0.251ns/0.000ns; real time: 12 secs 

Info: Initial congestion level at 75% usage is 0
Info: Initial congestion area  at 75% usage is 0 (0.00%)

Start NBR section for normal routing at 12:54:40 05/28/26
Level 1, iteration 1
27(0.00%) conflicts; 94(4.48%) untouched conns; 0 (nbr) score; 
Estimated worst slack/total negative slack<setup>: 0.432ns/0.000ns; real time: 12 secs 
Level 1, iteration 2
26(0.00%) conflicts; 100(4.77%) untouched conns; 0 (nbr) score; 
Estimated worst slack/total negative slack<setup>: 0.575ns/0.000ns; real time: 12 secs 
Level 2, iteration 1
24(0.00%) conflicts; 102(4.87%) untouched conns; 0 (nbr) score; 
Estimated worst slack/total negative slack<setup>: 0.575ns/0.000ns; real time: 12 secs 
Level 2, iteration 2
18(0.00%) conflicts; 100(4.77%) untouched conns; 0 (nbr) score; 
Estimated worst slack/total negative slack<setup>: 0.575ns/0.000ns; real time: 12 secs 
Level 2, iteration 3
18(0.00%) conflicts; 99(4.72%) untouched conns; 0 (nbr) score; 
Estimated worst slack/total negative slack<setup>: 0.569ns/0.000ns; real time: 12 secs 
Level 2, iteration 4
21(0.00%) conflicts; 98(4.68%) untouched conns; 0 (nbr) score; 
Estimated worst slack/total negative slack<setup>: 0.569ns/0.000ns; real time: 12 secs 
Level 2, iteration 5
13(0.00%) conflicts; 98(4.68%) untouched conns; 0 (nbr) score; 
Estimated worst slack/total negative slack<setup>: 0.563ns/0.000ns; real time: 12 secs 
Level 3, iteration 1
26(0.00%) conflicts; 73(3.48%) untouched conns; 0 (nbr) score; 
Estimated worst slack/total negative slack<setup>: 0.562ns/0.000ns; real time: 12 secs 
Level 4, iteration 1
54(0.00%) conflicts; 0(0.00%) untouched conn; 0 (nbr) score; 
Estimated worst slack/total negative slack<setup>: 0.562ns/0.000ns; real time: 12 secs 
Level 4, iteration 2
22(0.00%) conflicts; 0(0.00%) untouched conn; 0 (nbr) score; 
Estimated worst slack/total negative slack<setup>: 0.552ns/0.000ns; real time: 12 secs 
Level 4, iteration 3
16(0.00%) conflicts; 0(0.00%) untouched conn; 0 (nbr) score; 
Estimated worst slack/total negative slack<setup>: 0.516ns/0.000ns; real time: 13 secs 
Level 4, iteration 4
9(0.00%) conflicts; 0(0.00%) untouched conn; 0 (nbr) score; 
Estimated worst slack/total negative slack<setup>: 0.516ns/0.000ns; real time: 13 secs 
Level 4, iteration 5
6(0.00%) conflicts; 0(0.00%) untouched conn; 0 (nbr) score; 
Estimated worst slack/total negative slack<setup>: 0.448ns/0.000ns; real time: 13 secs 
Level 4, iteration 6
2(0.00%) conflicts; 0(0.00%) untouched conn; 0 (nbr) score; 
Estimated worst slack/total negative slack<setup>: 0.448ns/0.000ns; real time: 13 secs 
Level 4, iteration 7
1(0.00%) conflict; 0(0.00%) untouched conn; 307 (nbr) score; 
Estimated worst slack/total negative slack<setup>: -0.044ns/-0.308ns; real time: 13 secs 
Level 4, iteration 8
2(0.00%) conflicts; 0(0.00%) untouched conn; 307 (nbr) score; 
Estimated worst slack/total negative slack<setup>: -0.044ns/-0.308ns; real time: 13 secs 
Level 4, iteration 9
1(0.00%) conflict; 0(0.00%) untouched conn; 917 (nbr) score; 
Estimated worst slack/total negative slack<setup>: -0.131ns/-0.917ns; real time: 13 secs 
Level 4, iteration 10
2(0.00%) conflicts; 0(0.00%) untouched conn; 917 (nbr) score; 
Estimated worst slack/total negative slack<setup>: -0.131ns/-0.917ns; real time: 13 secs 
Level 4, iteration 11
0(0.00%) conflict; 0(0.00%) untouched conn; 455 (nbr) score; 
Estimated worst slack/total negative slack<setup>: -0.065ns/-0.455ns; real time: 13 secs 

Start NBR section for performance tuning (iteration 1) at 12:54:41 05/28/26
Level 4, iteration 1
2(0.00%) conflicts; 0(0.00%) untouched conn; 0 (nbr) score; 
Estimated worst slack/total negative slack<setup>: 0.426ns/0.000ns; real time: 13 secs 
Level 4, iteration 2
4(0.00%) conflicts; 0(0.00%) untouched conn; 0 (nbr) score; 
Estimated worst slack/total negative slack<setup>: 0.332ns/0.000ns; real time: 13 secs 
Level 4, iteration 3
1(0.00%) conflict; 0(0.00%) untouched conn; 0 (nbr) score; 
Estimated worst slack/total negative slack<setup>: 0.336ns/0.000ns; real time: 13 secs 
Level 4, iteration 4
2(0.00%) conflicts; 0(0.00%) untouched conn; 0 (nbr) score; 
Estimated worst slack/total negative slack<setup>: 0.336ns/0.000ns; real time: 13 secs 
Level 4, iteration 5
0(0.00%) conflict; 0(0.00%) untouched conn; 0 (nbr) score; 
Estimated worst slack/total negative slack<setup>: 0.122ns/0.000ns; real time: 13 secs 

Start NBR section for performance tuning (iteration 2) at 12:54:41 05/28/26
Level 4, iteration 1
2(0.00%) conflicts; 0(0.00%) untouched conn; 0 (nbr) score; 
Estimated worst slack/total negative slack<setup>: 0.358ns/0.000ns; real time: 13 secs 
Level 4, iteration 2
1(0.00%) conflict; 0(0.00%) untouched conn; 0 (nbr) score; 
Estimated worst slack/total negative slack<setup>: 0.075ns/0.000ns; real time: 13 secs 

Start NBR section for setup/hold timing optimization with effort level 3 at 12:54:41 05/28/26

Start NBR section for re-routing at 12:54:42 05/28/26
Level 4, iteration 1
0(0.00%) conflict; 0(0.00%) untouched conn; 0 (nbr) score; 
Estimated worst slack/total negative slack<setup>: 0.122ns/0.000ns; real time: 14 secs 

Start NBR section for post-routing at 12:54:42 05/28/26

End NBR router with 0 unrouted connection

NBR Summary
-----------
  Number of unrouted connections : 0 (0.00%)
  Number of connections with timing violations : 0 (0.00%)
  Estimated worst slack<setup> : 0.122ns
  Timing score<setup> : 0
-----------
Notes: The timing info is calculated for SETUP only and all PAR_ADJs are ignored.



Total CPU time 14 secs 
Total REAL time: 14 secs 
Completely routed.
End of route.  2096 routed (100.00%); 0 unrouted.

Hold time timing score: 0, hold timing errors: 0

Timing score: 0 

Dumping design to file ethernet_tx_path_impl2.dir/5_1.ncd.


PAR_SUMMARY::Run status = Completed
PAR_SUMMARY::Number of unrouted conns = 0
PAR_SUMMARY::Worst  slack<setup/<ns>> = 0.122
PAR_SUMMARY::Timing score<setup/<ns>> = 0.000
PAR_SUMMARY::Worst  slack<hold /<ns>> = 0.175
PAR_SUMMARY::Timing score<hold /<ns>> = 0.000
PAR_SUMMARY::Number of errors = 0

Total CPU  time to completion: 15 secs 
Total REAL time to completion: 15 secs 

par done!

Note: user must run 'Trace' for timing closure signoff.

Copyright (c) 1991-1994 by NeoCAD Inc. All rights reserved.
Copyright (c) 1995 AT&T Corp.   All rights reserved.
Copyright (c) 1995-2001 Lucent Technologies Inc.  All rights reserved.
Copyright (c) 2001 Agere Systems   All rights reserved.
Copyright (c) 2002-2024 Lattice Semiconductor Corporation,  All rights reserved.
Exiting par with exit code 0
Exiting mpartrce with exit code 0

iotiming  "ethernet_tx_path_impl2.ncd" "ethernet_tx_path_impl2.prf"
I/O Timing Report:
:  version Diamond (64-bit) 3.14.0.75.2

Copyright (c) 1991-1994 by NeoCAD Inc. All rights reserved.
Copyright (c) 1995 AT&T Corp.   All rights reserved.
Copyright (c) 1995-2001 Lucent Technologies Inc.  All rights reserved.
Copyright (c) 2001 Agere Systems   All rights reserved.
Copyright (c) 2002-2024 Lattice Semiconductor Corporation,  All rights reserved.

Loading design for application iotiming from file ethernet_tx_path_impl2.ncd.
Design name: top_tb_fpga
NCD version: 3.3
Vendor:      LATTICE
Device:      LFE5U-45F
Package:     CABGA381
Performance: 7
Loading device for application iotiming from file 'sa5p45.nph' in environment: D:/lscc/diamond/3.14/ispfpga.
Package Status:                     Final          Version 1.50.
Performance Hardware Data Status:   Final          Version 55.1.
Running Performance Grade: 7
Computing Setup Time ...
Computing Max Clock to Output Delay ...
Computing Hold Time ...
Computing Min Clock to Output Delay ...

Loading design for application iotiming from file ethernet_tx_path_impl2.ncd.
Design name: top_tb_fpga
NCD version: 3.3
Vendor:      LATTICE
Device:      LFE5U-45F
Package:     CABGA381
Performance: 8
Package Status:                     Final          Version 1.50.
Performance Hardware Data Status:   Final          Version 55.1.
Running Performance Grade: 8
Computing Setup Time ...
Computing Max Clock to Output Delay ...
Computing Hold Time ...
Computing Min Clock to Output Delay ...

Loading design for application iotiming from file ethernet_tx_path_impl2.ncd.
Design name: top_tb_fpga
NCD version: 3.3
Vendor:      LATTICE
Device:      LFE5U-45F
Package:     CABGA381
Performance: 9
Package Status:                     Final          Version 1.50.
Performance Hardware Data Status:   Final          Version 55.1.
Running Performance Grade: 9
Computing Setup Time ...
Computing Max Clock to Output Delay ...
Computing Hold Time ...
Computing Min Clock to Output Delay ...

Loading design for application iotiming from file ethernet_tx_path_impl2.ncd.
Design name: top_tb_fpga
NCD version: 3.3
Vendor:      LATTICE
Device:      LFE5U-45F
Package:     CABGA381
Performance: M
Package Status:                     Final          Version 1.50.
Performance Hardware Data Status:   Final          Version 55.1.
Running Performance Grade: M
Computing Setup Time ...
Computing Max Clock to Output Delay ...
Computing Hold Time ...
Computing Min Clock to Output Delay ...
Done.
