
         Lattice Mapping Report File for Design Module 'top_tb_fpga'


Design Information
------------------

Command line:   map -a ECP5U -p LFE5U-45F -t CABGA381 -s 7 -oc Industrial
     ethernet_tx_path_impl2.ngd -o ethernet_tx_path_impl2_map.ncd -pr
     ethernet_tx_path_impl2.prf -mp ethernet_tx_path_impl2.mrp -lpf
     D:/BAP/EE-Dev-BAP/VHDL/lattice_tx_path/impl2/ethernet_tx_path_impl2.lpf
     -lpf D:/BAP/EE-Dev-BAP/VHDL/lattice_tx_path/ethernet_tx_path.lpf -gui
     -msgset D:/BAP/EE-Dev-BAP/VHDL/lattice_tx_path/promote.xml 
Target Vendor:  LATTICE
Target Device:  LFE5U-45FCABGA381
Target Performance:   7
Mapper:  sa5p00,  version:  Diamond (64-bit) 3.14.0.75.2
Mapped on:  05/28/26  12:54:22

Design Summary
--------------

   Number of registers:    151 out of 44457 (0%)
      PFU registers:          151 out of 43848 (0%)
      PIO registers:            0 out of   609 (0%)
   Number of SLICEs:       305 out of 21924 (1%)
      SLICEs as Logic/ROM:    305 out of 21924 (1%)
      SLICEs as RAM:            0 out of 16443 (0%)
      SLICEs as Carry:         67 out of 21924 (0%)
   Number of LUT4s:        549 out of 43848 (1%)
      Number used as logic LUTs:        415
      Number used as distributed RAM:     0
      Number used as ripple logic:      134
      Number used as shift registers:     0
   Number of PIO sites used: 8 out of 203 (4%)
   Number of IDDR/ODDR/TDDR cells used: 6 out of 609 (1%)
      Number of IDDR cells:   0
      Number of ODDR cells:   6
      Number of TDDR cells:   0
   Number of PIO using at least one IDDR/ODDR/TDDR: 6 (0 differential)
      Number of PIO using IDDR only:        0 (0 differential)
      Number of PIO using ODDR only:        6 (0 differential)
      Number of PIO using TDDR only:        0 (0 differential)
      Number of PIO using IDDR/ODDR:        0 (0 differential)
      Number of PIO using IDDR/TDDR:        0 (0 differential)
      Number of PIO using ODDR/TDDR:        0 (0 differential)
      Number of PIO using IDDR/ODDR/TDDR:   0 (0 differential)
   Number of block RAMs:  0 out of 108 (0%)
   Number of GSRs:  1 out of 1 (100%)
   JTAG used :      No
   Readback used :  No
   Oscillator used :  No
   Startup used :   No
   DTR used :   No
   Number of Dynamic Bank Controller (BCINRD):  0 out of 4 (0%)
   Number of Dynamic Bank Controller (BCLVDSOB):  0 out of 4 (0%)
   Number of DCC:  0 out of 60 (0%)
   Number of DCS:  0 out of 2 (0%)
   Number of PLLs:  0 out of 4 (0%)
   Number of DDRDLLs:  0 out of 4 (0%)
   Number of CLKDIV:  0 out of 4 (0%)
   Number of ECLKSYNC:  0 out of 10 (0%)

                                    Page 1




Design:  top_tb_fpga                                   Date:  05/28/26  12:54:22

Design Summary (cont)
---------------------
   Number of ECLKBRIDGECS:  0 out of 2 (0%)
   Notes:-
      1. Total number of LUT4s = (Number of logic LUT4s) + 2*(Number of
     distributed RAMs) + 2*(Number of ripple logic)
      2. Number of logic LUT4s does not include count of distributed RAM and
     ripple logic.

        Number Of Mapped DSP Components:
   --------------------------------
   MULT18X18D          0
   MULT9X9D            0
   ALU54B              0
   ALU24B              0
   PRADD18A            0
   PRADD9A             0
   --------------------------------
   Number of Used DSP MULT Sites:  0 out of 144 (0 %)
   Number of Used DSP ALU Sites:  0 out of 72 (0 %)
   Number of Used DSP PRADD Sites:  0 out of 144 (0 %)
   Number of clocks:  1
     Net clk_c: 93 loads, 93 rising, 0 falling (Driver: PIO clk )
   Number of Clock Enables:  5
     Net dut/mac_inst/clk_c_enable_17: 2 loads, 2 LSLICEs
     Net dut/mac_inst/clk_c_enable_8: 4 loads, 4 LSLICEs
     Net clk_c_enable_19: 2 loads, 2 LSLICEs
     Net dut/mac_inst/clk_c_enable_9: 1 loads, 1 LSLICEs
     Net clk_c_enable_16: 4 loads, 4 LSLICEs
   Number of local set/reset loads for net rst_c merged into GSR:  6
   Number of LSRs:  3
     Net rst_c: 61 loads, 61 LSLICEs
     Net dut/mac_inst/n1334: 3 loads, 3 LSLICEs
     Net n2447: 17 loads, 17 LSLICEs
   Number of nets driven by tri-state buffers:  0
   Top 10 highest fanout non-clock nets:
     Net rst_c: 71 loads
     Net dut/n423: 62 loads
     Net dut/n6493: 50 loads
     Net dut/mac_inst/n421: 48 loads
     Net dut/mac_inst/n422: 44 loads
     Net dut/idx_2: 38 loads
     Net dut/n425: 38 loads
     Net dut/idx_1: 33 loads
     Net dut/mac_inst/n6495: 33 loads
     Net dut/idx_0: 32 loads




   Number of warnings:  0
   Number of errors:    0
     

Design Errors/Warnings
----------------------

   No errors or warnings present.

                                    Page 2




Design:  top_tb_fpga                                   Date:  05/28/26  12:54:22


IO (PIO) Attributes
-------------------

+---------------------+-----------+-----------+------------+
| IO Name             | Direction | Levelmode | IO         |
|                     |           |  IO_TYPE  | Register   |
+---------------------+-----------+-----------+------------+
| rgmii_txc           | OUTPUT    | LVCMOS25  |            |
+---------------------+-----------+-----------+------------+
| rgmii_txctl         | OUTPUT    | LVCMOS25  |            |
+---------------------+-----------+-----------+------------+
| rgmii_txd[3]        | OUTPUT    | LVCMOS25  |            |
+---------------------+-----------+-----------+------------+
| rgmii_txd[2]        | OUTPUT    | LVCMOS25  |            |
+---------------------+-----------+-----------+------------+
| rgmii_txd[1]        | OUTPUT    | LVCMOS25  |            |
+---------------------+-----------+-----------+------------+
| rgmii_txd[0]        | OUTPUT    | LVCMOS25  |            |
+---------------------+-----------+-----------+------------+
| rst                 | INPUT     | LVCMOS15  |            |
+---------------------+-----------+-----------+------------+
| clk                 | INPUT     | LVCMOS25  |            |
+---------------------+-----------+-----------+------------+

Removed logic
-------------

Signal n867 was merged into signal rst_c
Signal VCC_net undriven or does not drive anything - clipped.
Signal _add_1_add_4_20/S1 undriven or does not drive anything - clipped.
Signal _add_1_add_4_20/S0 undriven or does not drive anything - clipped.
Signal _add_1_add_4_22/S1 undriven or does not drive anything - clipped.
Signal _add_1_add_4_22/S0 undriven or does not drive anything - clipped.
Signal _add_1_add_4_24/S1 undriven or does not drive anything - clipped.
Signal _add_1_add_4_24/S0 undriven or does not drive anything - clipped.
Signal _add_1_add_4_26/S1 undriven or does not drive anything - clipped.
Signal _add_1_add_4_26/S0 undriven or does not drive anything - clipped.
Signal _add_1_add_4_28/S1 undriven or does not drive anything - clipped.
Signal _add_1_add_4_28/S0 undriven or does not drive anything - clipped.
Signal _add_1_add_4_30/S1 undriven or does not drive anything - clipped.
Signal _add_1_add_4_30/S0 undriven or does not drive anything - clipped.
Signal _add_1_add_4_32/S0 undriven or does not drive anything - clipped.
Signal _add_1_add_4_32/CO undriven or does not drive anything - clipped.
Signal lenght_cnt_456_add_4_33/S1 undriven or does not drive anything - clipped.
     
Signal lenght_cnt_456_add_4_33/CO undriven or does not drive anything - clipped.
     
Signal add_3294_1/S1 undriven or does not drive anything - clipped.
Signal add_3294_1/S0 undriven or does not drive anything - clipped.
Signal add_3294_1/CI undriven or does not drive anything - clipped.
Signal add_3294_3/S1 undriven or does not drive anything - clipped.
Signal add_3294_3/S0 undriven or does not drive anything - clipped.
Signal add_3294_5/S1 undriven or does not drive anything - clipped.
Signal add_3294_5/S0 undriven or does not drive anything - clipped.
Signal add_3294_7/S1 undriven or does not drive anything - clipped.
Signal add_3294_7/S0 undriven or does not drive anything - clipped.
Signal add_3294_9/S1 undriven or does not drive anything - clipped.

                                    Page 3




Design:  top_tb_fpga                                   Date:  05/28/26  12:54:22

Removed logic (cont)
--------------------
Signal add_3294_9/S0 undriven or does not drive anything - clipped.
Signal add_3294_11/S1 undriven or does not drive anything - clipped.
Signal add_3294_11/S0 undriven or does not drive anything - clipped.
Signal add_3294_13/S1 undriven or does not drive anything - clipped.
Signal add_3294_13/S0 undriven or does not drive anything - clipped.
Signal add_3294_15/S1 undriven or does not drive anything - clipped.
Signal add_3294_15/S0 undriven or does not drive anything - clipped.
Signal _add_1_add_4_6/S1 undriven or does not drive anything - clipped.
Signal _add_1_add_4_6/S0 undriven or does not drive anything - clipped.
Signal add_3294_17/S1 undriven or does not drive anything - clipped.
Signal add_3294_17/S0 undriven or does not drive anything - clipped.
Signal add_3294_19/S1 undriven or does not drive anything - clipped.
Signal add_3294_19/S0 undriven or does not drive anything - clipped.
Signal add_3294_21/S1 undriven or does not drive anything - clipped.
Signal add_3294_21/S0 undriven or does not drive anything - clipped.
Signal add_3294_23/S1 undriven or does not drive anything - clipped.
Signal add_3294_23/S0 undriven or does not drive anything - clipped.
Signal _add_1_add_4_8/S1 undriven or does not drive anything - clipped.
Signal _add_1_add_4_8/S0 undriven or does not drive anything - clipped.
Signal add_3294_25/S1 undriven or does not drive anything - clipped.
Signal add_3294_25/S0 undriven or does not drive anything - clipped.
Signal _add_1_add_4_10/S1 undriven or does not drive anything - clipped.
Signal _add_1_add_4_10/S0 undriven or does not drive anything - clipped.
Signal add_3294_27/S1 undriven or does not drive anything - clipped.
Signal add_3294_27/S0 undriven or does not drive anything - clipped.
Signal add_3294_29/S1 undriven or does not drive anything - clipped.
Signal add_3294_29/S0 undriven or does not drive anything - clipped.
Signal add_3294_31/S1 undriven or does not drive anything - clipped.
Signal add_3294_31/S0 undriven or does not drive anything - clipped.
Signal add_3294_cout/S1 undriven or does not drive anything - clipped.
Signal add_3294_cout/CO undriven or does not drive anything - clipped.
Signal _add_1_add_4_12/S1 undriven or does not drive anything - clipped.
Signal _add_1_add_4_12/S0 undriven or does not drive anything - clipped.
Signal _add_1_add_4_14/S1 undriven or does not drive anything - clipped.
Signal _add_1_add_4_14/S0 undriven or does not drive anything - clipped.
Signal _add_1_add_4_16/S1 undriven or does not drive anything - clipped.
Signal _add_1_add_4_16/S0 undriven or does not drive anything - clipped.
Signal _add_1_add_4_4/S1 undriven or does not drive anything - clipped.
Signal _add_1_add_4_4/S0 undriven or does not drive anything - clipped.
Signal _add_1_add_4_18/S1 undriven or does not drive anything - clipped.
Signal _add_1_add_4_18/S0 undriven or does not drive anything - clipped.
Signal _add_1_add_4_2/S1 undriven or does not drive anything - clipped.
Signal _add_1_add_4_2/S0 undriven or does not drive anything - clipped.
Signal _add_1_add_4_2/CI undriven or does not drive anything - clipped.
Signal lenght_cnt_456_add_4_1/S0 undriven or does not drive anything - clipped.
Signal lenght_cnt_456_add_4_1/CI undriven or does not drive anything - clipped.
Signal dut/mac_inst/frame_len_457_add_4_1/S0 undriven or does not drive anything
     - clipped.
Signal dut/mac_inst/frame_len_457_add_4_1/CI undriven or does not drive anything
     - clipped.
Signal dut/mac_inst/frame_len_457_add_4_33/S1 undriven or does not drive
     anything - clipped.
Signal dut/mac_inst/frame_len_457_add_4_33/CO undriven or does not drive
     anything - clipped.
Block i277_1_lut was optimized away.
Block i2 was optimized away.

                                    Page 4




Design:  top_tb_fpga                                   Date:  05/28/26  12:54:22

Removed logic (cont)
--------------------

     

GSR Usage
---------

GSR Component:
   The Global Set Reset (GSR) resource has been used to implement a global reset
        of the design. The reset signal used for GSR control is 'rst_c'.
        

     GSR Property:
   The design components with GSR property set to ENABLED will respond to global
        set reset while the components with GSR property set to DISABLED will
        not.
        

     Components with disabled GSR Property
-------------------------------------

     These components have the GSR property set to DISABLED. The components will
     not respond to the reset signal 'rst_c' via the GSR component.

     Type and number of components of the type: 
   Register = 141 

     Type and instance name of component: 
   Register : fifo_empty_25
   Register : cnt__i0
   Register : dut/udp_inst/idx__i0
   Register : dut/udp_inst/state_FSM_i1
   Register : dut/udp_inst/state_FSM_i6
   Register : dut/udp_inst/state_FSM_i5
   Register : dut/udp_inst/state_FSM_i4
   Register : dut/udp_inst/state_FSM_i3
   Register : dut/udp_inst/state_FSM_i2
   Register : dut/udp_inst/idx__i7
   Register : dut/udp_inst/idx__i6
   Register : dut/udp_inst/idx__i5
   Register : dut/udp_inst/idx__i4
   Register : dut/udp_inst/idx__i3
   Register : dut/udp_inst/idx__i2
   Register : dut/udp_inst/idx__i1
   Register : dut/mac_inst/crc_cnt__i0
   Register : dut/mac_inst/crc_reg_i0
   Register : dut/mac_inst/state_FSM_i1
   Register : dut/mac_inst/ifg_cnt__i2
   Register : dut/mac_inst/ifg_cnt__i1
   Register : dut/mac_inst/pre_cnt__i0
   Register : dut/mac_inst/ifg_cnt__i0
   Register : dut/mac_inst/frame_len_457__i0
   Register : dut/mac_inst/state_FSM_i6
   Register : dut/mac_inst/state_FSM_i5
   Register : dut/mac_inst/state_FSM_i4
   Register : dut/mac_inst/state_FSM_i3
   Register : dut/mac_inst/state_FSM_i2

                                    Page 5




Design:  top_tb_fpga                                   Date:  05/28/26  12:54:22

GSR Usage (cont)
----------------
   Register : dut/mac_inst/crc_reg_i31
   Register : dut/mac_inst/pad_cnt__i1
   Register : dut/mac_inst/pad_cnt__i2
   Register : dut/mac_inst/pad_cnt__i3
   Register : dut/mac_inst/pad_cnt__i4
   Register : dut/mac_inst/pad_cnt__i5
   Register : dut/mac_inst/pad_cnt__i0
   Register : dut/mac_inst/crc_reg_i30
   Register : dut/mac_inst/crc_reg_i29
   Register : dut/mac_inst/crc_reg_i28
   Register : dut/mac_inst/crc_reg_i27
   Register : dut/mac_inst/crc_reg_i26
   Register : dut/mac_inst/crc_reg_i25
   Register : dut/mac_inst/crc_reg_i24
   Register : dut/mac_inst/crc_reg_i23
   Register : dut/mac_inst/crc_reg_i22
   Register : dut/mac_inst/crc_reg_i21
   Register : dut/mac_inst/crc_reg_i20
   Register : dut/mac_inst/crc_reg_i19
   Register : dut/mac_inst/crc_reg_i18
   Register : dut/mac_inst/crc_reg_i17
   Register : dut/mac_inst/crc_reg_i16
   Register : dut/mac_inst/crc_reg_i15
   Register : dut/mac_inst/crc_reg_i14
   Register : dut/mac_inst/crc_reg_i13
   Register : dut/mac_inst/crc_reg_i12
   Register : dut/mac_inst/crc_reg_i11
   Register : dut/mac_inst/crc_reg_i10
   Register : dut/mac_inst/crc_reg_i9
   Register : dut/mac_inst/crc_reg_i8
   Register : dut/mac_inst/crc_reg_i7
   Register : dut/mac_inst/crc_reg_i6
   Register : dut/mac_inst/crc_reg_i5
   Register : dut/mac_inst/crc_reg_i4
   Register : dut/mac_inst/crc_reg_i3
   Register : dut/mac_inst/crc_reg_i2
   Register : dut/mac_inst/crc_reg_i1
   Register : dut/mac_inst/crc_cnt__i1
   Register : dut/mac_inst/ifg_cnt__i3
   Register : dut/mac_inst/pre_cnt__i1
   Register : dut/mac_inst/pre_cnt__i2
   Register : dut/mac_inst/frame_len_457__i1
   Register : dut/mac_inst/frame_len_457__i2
   Register : dut/mac_inst/frame_len_457__i3
   Register : dut/mac_inst/frame_len_457__i4
   Register : dut/mac_inst/frame_len_457__i5
   Register : dut/mac_inst/frame_len_457__i6
   Register : dut/mac_inst/frame_len_457__i7
   Register : dut/mac_inst/frame_len_457__i8
   Register : dut/mac_inst/frame_len_457__i9
   Register : dut/mac_inst/frame_len_457__i10
   Register : dut/mac_inst/frame_len_457__i11
   Register : dut/mac_inst/frame_len_457__i12
   Register : dut/mac_inst/frame_len_457__i13
   Register : dut/mac_inst/frame_len_457__i14
   Register : dut/mac_inst/frame_len_457__i15

                                    Page 6




Design:  top_tb_fpga                                   Date:  05/28/26  12:54:22

GSR Usage (cont)
----------------
   Register : dut/mac_inst/frame_len_457__i16
   Register : dut/mac_inst/frame_len_457__i17
   Register : dut/mac_inst/frame_len_457__i18
   Register : dut/mac_inst/frame_len_457__i19
   Register : dut/mac_inst/frame_len_457__i20
   Register : dut/mac_inst/frame_len_457__i21
   Register : dut/mac_inst/frame_len_457__i22
   Register : dut/mac_inst/frame_len_457__i23
   Register : dut/mac_inst/frame_len_457__i24
   Register : dut/mac_inst/frame_len_457__i25
   Register : dut/mac_inst/frame_len_457__i26
   Register : dut/mac_inst/frame_len_457__i27
   Register : dut/mac_inst/frame_len_457__i28
   Register : dut/mac_inst/frame_len_457__i29
   Register : dut/mac_inst/frame_len_457__i30
   Register : dut/mac_inst/frame_len_457__i31
   Register : lenght_cnt_456__i0
   Register : fifo_almostfull_26
   Register : cnt__i7
   Register : cnt__i6
   Register : cnt__i5
   Register : cnt__i4
   Register : cnt__i3
   Register : cnt__i2
   Register : cnt__i1
   Register : lenght_cnt_456__i1
   Register : lenght_cnt_456__i2
   Register : lenght_cnt_456__i3
   Register : lenght_cnt_456__i4
   Register : lenght_cnt_456__i5
   Register : lenght_cnt_456__i6
   Register : lenght_cnt_456__i7
   Register : lenght_cnt_456__i8
   Register : lenght_cnt_456__i9
   Register : lenght_cnt_456__i10
   Register : lenght_cnt_456__i11
   Register : lenght_cnt_456__i12
   Register : lenght_cnt_456__i13
   Register : lenght_cnt_456__i14
   Register : lenght_cnt_456__i15
   Register : lenght_cnt_456__i16
   Register : lenght_cnt_456__i17
   Register : lenght_cnt_456__i18
   Register : lenght_cnt_456__i19
   Register : lenght_cnt_456__i20
   Register : lenght_cnt_456__i21
   Register : lenght_cnt_456__i22
   Register : lenght_cnt_456__i23
   Register : lenght_cnt_456__i24
   Register : lenght_cnt_456__i25
   Register : lenght_cnt_456__i26
   Register : lenght_cnt_456__i27
   Register : lenght_cnt_456__i28
   Register : lenght_cnt_456__i29
   Register : lenght_cnt_456__i30
   Register : lenght_cnt_456__i31

                                    Page 7




Design:  top_tb_fpga                                   Date:  05/28/26  12:54:22


Run Time and Memory Usage
-------------------------

   Total CPU Time: 0 secs  
   Total REAL Time: 0 secs  
   Peak Memory Usage: 159 MB
        



















































                                    Page 8


Copyright (c) 1991-1994 by NeoCAD Inc. All rights reserved.
     Copyright (c) 1995 AT&T Corp.   All rights reserved.
     Copyright (c) 1995-2001 Lucent Technologies Inc.  All rights reserved.
     Copyright (c) 2001 Agere Systems   All rights reserved.
     Copyright (c) 2002-2024 Lattice Semiconductor Corporation,  All rights
     reserved.
