SCUBA, Version Diamond (64-bit) 3.14.0.75.2
Tue May 19 13:28:33 2026
  
Copyright (c) 1991-1994 by NeoCAD Inc. All rights reserved.
Copyright (c) 1995 AT&T Corp.   All rights reserved.
Copyright (c) 1995-2001 Lucent Technologies Inc.  All rights reserved.
Copyright (c) 2001 Agere Systems   All rights reserved.
Copyright (c) 2002-2024 Lattice Semiconductor Corporation,  All rights reserved.
  
BEGIN SCUBA Module Synthesis
  
    Issued command   : D:\lscc\diamond\3.14\ispfpga\bin\nt64\scuba.exe -w -n DDR_forRGMII -lang vhdl -synth lse -bus_exp 7 -bb -arch sa5p00 -type iol -mode Transmit -io_type LVCMOS18 -width 5 -freq_in 125 -gear 2 -aligned -del -1 
    Circuit name     : DDR_forRGMII
    Module type      : iol
    Module Version   : 5.8
    Ports            : 
    Inputs       : refclk, reset, data[9:0]
    Outputs      : clkout, dout[4:0]
    I/O buffer       : not inserted
    EDIF output      : DDR_forRGMII.edn
    VHDL output      : DDR_forRGMII.vhd
    VHDL template    : DDR_forRGMII_tmpl.vhd
    VHDL purpose     : for synthesis and simulation
    Bus notation     : big endian
    Report output    : DDR_forRGMII.srp
    Estimated Resource Usage:
  
END   SCUBA Module Synthesis

