"D:/BAP/EE-Dev-BAP/VHDL/lattice_tx_path/DDR_forRGMII.vhd=work,VHDL_2008"
"D:/BAP/EE-Dev-BAP/VHDL/lattice_tx_path/DDR_RX.vhd=work,VHDL_2008"
"D:/BAP/EE-Dev-BAP/VHDL/lattice_tx_path/RGMII_withDDR.vhd=work,VHDL_2008"
"D:/BAP/EE-Dev-BAP/VHDL/lattice_tx_path/UDP_RGMII_stack/src/CRC32_8.vhd=work,VHDL_2008"
"D:/BAP/EE-Dev-BAP/VHDL/lattice_tx_path/UDP_RGMII_stack/src/MAC_AXItoRGMII.vhd=work,VHDL_2008"
"D:/BAP/EE-Dev-BAP/VHDL/lattice_tx_path/UDP_RGMII_stack/src/MAC_RX.vhd=work,VHDL_2008"
"D:/BAP/EE-Dev-BAP/VHDL/lattice_tx_path/UDP_RGMII_stack/src/register.vhd=work,VHDL_2008"
"D:/BAP/EE-Dev-BAP/VHDL/lattice_tx_path/UDP_RGMII_stack/src/UDP_FIFO_AXI.vhd=work,VHDL_2008"
"D:/BAP/EE-Dev-BAP/VHDL/lattice_tx_path/UDP_RGMII_stack/src/UDP_RX_AXItoFIFO.vhd=work,VHDL_2008"
"D:/BAP/EE-Dev-BAP/VHDL/lattice_tx_path/top_ethernet_tx.vhd=work,VHDL_2008"
"D:/BAP/EE-Dev-BAP/VHDL/lattice_tx_path/top_ethernet_tx_tbfpga.vhd=work,VHDL_2008"
"D:/BAP/EE-Dev-BAP/VHDL/lattice_tx_path/top_ethernet_tx_tbfpga_tb.vhd=work,VHDL_2008"
