
map -a "ECP5UM" -p LFE5UM-45F -t CABGA381 -s 7 -oc Industrial   "UART_forUSB_impl1.ngd" -o "UART_forUSB_impl1_map.ncd" -pr "UART_forUSB_impl1.prf" -mp "UART_forUSB_impl1.mrp" -lpf "C:/Users/hoona/Documents/school/Universiteit/Jaar 3/BAP/EE-Dev-BAP/VHDL/UART_forUSB/impl1/UART_forUSB_impl1.lpf" -lpf "C:/Users/hoona/Documents/school/Universiteit/Jaar 3/BAP/EE-Dev-BAP/VHDL/UART_forUSB/UART_forUSB.lpf"             
map:  version Diamond (64-bit) 3.14.0.75.2

Copyright (c) 1991-1994 by NeoCAD Inc. All rights reserved.
Copyright (c) 1995 AT&T Corp.   All rights reserved.
Copyright (c) 1995-2001 Lucent Technologies Inc.  All rights reserved.
Copyright (c) 2001 Agere Systems   All rights reserved.
Copyright (c) 2002-2024 Lattice Semiconductor Corporation,  All rights reserved.
   Process the file: UART_forUSB_impl1.ngd
   Picdevice="LFE5UM-45F"

   Pictype="CABGA381"

   Picspeed=7

   Remove unused logic

   Do not produce over sized NCDs.

Part used: LFE5UM-45FCABGA381, Performance used: 7.

Loading device for application map from file 'sa5p45m.nph' in environment: E:/Apps/Lattice Diamond/ispfpga.
Package Status:                     Final          Version 1.38.

Running general design DRC...

Removing unused logic...

Optimizing...

114 CCU2 constant inputs absorbed.




Design Summary:
   Number of registers:    121 out of 44457 (0%)
      PFU registers:          121 out of 43848 (0%)
      PIO registers:            0 out of   609 (0%)
   Number of SLICEs:       107 out of 21924 (0%)
      SLICEs as Logic/ROM:    107 out of 21924 (0%)
      SLICEs as RAM:            0 out of 16443 (0%)
      SLICEs as Carry:         32 out of 21924 (0%)
   Number of LUT4s:        167 out of 43848 (0%)
      Number used as logic LUTs:        103
      Number used as distributed RAM:     0
      Number used as ripple logic:       64
      Number used as shift registers:     0
   Number of PIO sites used: 12 out of 203 (6%)
   Number of block RAMs:  0 out of 108 (0%)
   Number of GSRs:  0 out of 1 (0%)
   JTAG used :      No
   Readback used :  No
   Oscillator used :  No
   Startup used :   No
   DTR used :   No
   Number of Dynamic Bank Controller (BCINRD):  0 out of 4 (0%)
   Number of Dynamic Bank Controller (BCLVDSOB):  0 out of 4 (0%)
   Number of DCC:  0 out of 60 (0%)
   Number of DCS:  0 out of 2 (0%)
   Number of PLLs:  0 out of 4 (0%)
   Number of DDRDLLs:  0 out of 4 (0%)
   Number of CLKDIV:  0 out of 4 (0%)
   Number of ECLKSYNC:  0 out of 10 (0%)
   Number of ECLKBRIDGECS:  0 out of 2 (0%)
   Number of DCUs:  0 out of 2 (0%)
   Number of DCU Channels:  0 out of 4 (0%)
   Number of EXTREFs:  0 out of 2 (0%)
   Notes:-
      1. Total number of LUT4s = (Number of logic LUT4s) + 2*(Number of distributed RAMs) + 2*(Number of ripple logic)
      2. Number of logic LUT4s does not include count of distributed RAM and ripple logic.

   Number Of Mapped DSP Components:
   --------------------------------
   MULT18X18D          0
   MULT9X9D            0
   ALU54B              0
   ALU24B              0
   PRADD18A            0
   PRADD9A             0
   --------------------------------
   Number of Used DSP MULT Sites:  0 out of 144 (0 %)
   Number of Used DSP ALU Sites:  0 out of 72 (0 %)
   Number of Used DSP PRADD Sites:  0 out of 144 (0 %)
   Number of clocks:  1
     Net Clk_c: 74 loads, 74 rising, 0 falling (Driver: PIO Clk )
   Number of Clock Enables:  7
     Net Clk_c_enable_32: 4 loads, 4 LSLICEs
     Net Clk_c_enable_25: 4 loads, 4 LSLICEs
     Net rx_valid: 1 loads, 1 LSLICEs
     Net u_uart/Clk_c_enable_11: 3 loads, 3 LSLICEs
     Net u_uart/Clk_c_enable_39: 6 loads, 6 LSLICEs
     Net u_uart/Clk_c_enable_6: 1 loads, 1 LSLICEs
     Net u_uart/Clk_c_enable_18: 4 loads, 4 LSLICEs
   Number of LSRs:  10
     Net Rst_c: 27 loads, 27 LSLICEs
     Net n967: 1 loads, 1 LSLICEs
     Net leds_0_4: 1 loads, 1 LSLICEs
     Net n146: 1 loads, 1 LSLICEs
     Net n1056: 1 loads, 1 LSLICEs
     Net u_uart/n1062: 3 loads, 3 LSLICEs
     Net u_uart/RxStrobe: 1 loads, 1 LSLICEs
     Net u_uart/n1065: 1 loads, 1 LSLICEs
     Net u_uart/i_strb_tx/n402: 9 loads, 9 LSLICEs
     Net u_uart/i_strb_rx/n406: 9 loads, 9 LSLICEs
   Number of nets driven by tri-state buffers:  0
   Top 10 highest fanout non-clock nets:
     Net Rst_c: 34 loads
     Net u_uart/RxStrobe: 13 loads
     Net u_uart/r.RxCount_0: 12 loads
     Net u_uart/r.RxCount_1: 12 loads
     Net u_uart/r.RxCount_2: 11 loads
     Net u_uart/r.TxCount_0: 11 loads
     Net n146: 10 loads
     Net u_uart/i_strb_rx/n406: 9 loads
     Net u_uart/i_strb_tx/n402: 9 loads
     Net u_uart/r.TxCount_1: 9 loads
 

   Number of warnings:  0
   Number of errors:    0



Total CPU Time: 0 secs  
Total REAL Time: 0 secs  
Peak Memory Usage: 158 MB

Dumping design to file UART_forUSB_impl1_map.ncd.

ncd2vdb "UART_forUSB_impl1_map.ncd" ".vdbs/UART_forUSB_impl1_map.vdb"

Loading device for application ncd2vdb from file 'sa5p45m.nph' in environment: E:/Apps/Lattice Diamond/ispfpga.

mpartrce -p "UART_forUSB_impl1.p2t" -f "UART_forUSB_impl1.p3t" -tf "UART_forUSB_impl1.pt" "UART_forUSB_impl1_map.ncd" "UART_forUSB_impl1.ncd"

---- MParTrce Tool ----
Removing old design directory at request of -rem command line option to this program.
Running par. Please wait . . .

Lattice Place and Route Report for Design "UART_forUSB_impl1_map.ncd"
Fri May 29 14:21:18 2026

PAR: Place And Route Diamond (64-bit) 3.14.0.75.2.
Command Line: par -w -l 5 -i 6 -t 1 -c 0 -e 0 -gui -msgset "C:/Users/hoona/Documents/school/Universiteit/Jaar 3/BAP/EE-Dev-BAP/VHDL/UART_forUSB/promote.xml" -exp parUseNBR=1:parCDP=auto:parCDR=1:parPathBased=OFF:parASE=1:par_low_skew_clock_net=0 UART_forUSB_impl1_map.ncd UART_forUSB_impl1.dir/5_1.ncd UART_forUSB_impl1.prf
Preference file: UART_forUSB_impl1.prf.
Placement level-cost: 5-1.
Routing Iterations: 6

Loading design for application par from file UART_forUSB_impl1_map.ncd.
Design name: uart_echo
NCD version: 3.3
Vendor:      LATTICE
Device:      LFE5UM-45F
Package:     CABGA381
Performance: 7
Loading device for application par from file 'sa5p45m.nph' in environment: E:/Apps/Lattice Diamond/ispfpga.
Package Status:                     Final          Version 1.38.
Performance Hardware Data Status:   Final          Version 55.1.
License checked out.


Ignore Preference Error(s):  True
Device utilization summary:

   PIO (prelim)      12/245           4% used
                     12/203           5% bonded

   SLICE            107/21924        <1% used



Number of Signals: 310
Number of Connections: 731

Pin Constraint Summary:
   12 out of 12 pins locked (100% locked).

The following 1 signal is selected to use the primary clock routing resources:
    Clk_c (driver: Clk, clk/ce/sr load #: 74/0/0)


No signal is selected as Global Set/Reset.
Starting Placer Phase 0.
........
Finished Placer Phase 0.  REAL time: 2 secs 

Starting Placer Phase 1.
....................
Placer score = 35145.
Finished Placer Phase 1.  REAL time: 7 secs 

Starting Placer Phase 2.
.
Placer score =  34572
Finished Placer Phase 2.  REAL time: 7 secs 


------------------ Clock Report ------------------

Global Clock Resources:
  CLK_PIN    : 1 out of 12 (8%)
  GR_PCLK    : 0 out of 12 (0%)
  PLL        : 0 out of 4 (0%)
  DCS        : 0 out of 2 (0%)
  DCC        : 0 out of 60 (0%)
  CLKDIV     : 0 out of 4 (0%)

Quadrant TL Clocks:

  PRIMARY  : 0 out of 16 (0%)

Quadrant TR Clocks:
  PRIMARY "Clk_c" from comp "Clk" on CLK_PIN site "L19 (PR35C)", CLK/CE/SR load = 65

  PRIMARY  : 1 out of 16 (6%)

Quadrant BL Clocks:

  PRIMARY  : 0 out of 16 (0%)

Quadrant BR Clocks:
  PRIMARY "Clk_c" from comp "Clk" on CLK_PIN site "L19 (PR35C)", CLK/CE/SR load = 9

  PRIMARY  : 1 out of 16 (6%)

Edge Clocks:

  No edge clock selected.


--------------- End of Clock Report ---------------


+
I/O Usage Summary (final):
   12 out of 245 (4.9%) PIO sites used.
   12 out of 203 (5.9%) bonded PIO sites used.
   Number of PIO comps: 12; differential: 0.
   Number of Vref pins used: 0.

I/O Bank Usage Summary:
+----------+---------------+------------+------------+------------+
| I/O Bank | Usage         | Bank Vccio | Bank Vref1 | Bank Vref2 |
+----------+---------------+------------+------------+------------+
| 0        | 2 / 27 (  7%) | 3.3V       | -          | -          |
| 1        | 0 / 33 (  0%) | -          | -          | -          |
| 2        | 9 / 32 ( 28%) | 2.5V       | -          | -          |
| 3        | 1 / 33 (  3%) | 2.5V       | -          | -          |
| 6        | 0 / 33 (  0%) | -          | -          | -          |
| 7        | 0 / 32 (  0%) | -          | -          | -          |
| 8        | 0 / 13 (  0%) | -          | -          | -          |
+----------+---------------+------------+------------+------------+

Total placer CPU time: 6 secs 

Dumping design to file UART_forUSB_impl1.dir/5_1.ncd.

0 connections routed; 731 unrouted.
Starting router resource preassignment

Completed router resource preassignment. Real time: 11 secs 

Start NBR router at 14:21:29 05/29/26

*****************************************************************
Info: NBR allows conflicts(one node used by more than one signal)
      in the earlier iterations. In each iteration, it tries to  
      solve the conflicts while keeping the critical connections 
      routed as short as possible. The routing process is said to
      be completed when no conflicts exist and all connections   
      are routed.                                                
Note: NBR uses a different method to calculate timing slacks. The
      worst slack and total negative slack may not be the same as
      that in TRCE report. You should always run TRCE to verify  
      your design.                                               
*****************************************************************

Start NBR special constraint process at 14:21:29 05/29/26

Start NBR section for initial routing at 14:21:29 05/29/26
Level 1, iteration 1
0(0.00%) conflict; 535(73.19%) untouched conns; 0 (nbr) score; 
Estimated worst slack/total negative slack<setup>: 3.606ns/0.000ns; real time: 12 secs 
Level 2, iteration 1
6(0.00%) conflicts; 518(70.86%) untouched conns; 0 (nbr) score; 
Estimated worst slack/total negative slack<setup>: 3.595ns/0.000ns; real time: 12 secs 
Level 3, iteration 1
5(0.00%) conflicts; 423(57.87%) untouched conns; 0 (nbr) score; 
Estimated worst slack/total negative slack<setup>: 3.460ns/0.000ns; real time: 12 secs 
Level 4, iteration 1
22(0.00%) conflicts; 0(0.00%) untouched conn; 0 (nbr) score; 
Estimated worst slack/total negative slack<setup>: 3.252ns/0.000ns; real time: 12 secs 

Info: Initial congestion level at 75% usage is 0
Info: Initial congestion area  at 75% usage is 0 (0.00%)

Start NBR section for normal routing at 14:21:30 05/29/26
Level 1, iteration 1
2(0.00%) conflicts; 35(4.79%) untouched conns; 0 (nbr) score; 
Estimated worst slack/total negative slack<setup>: 3.252ns/0.000ns; real time: 12 secs 
Level 4, iteration 1
11(0.00%) conflicts; 0(0.00%) untouched conn; 0 (nbr) score; 
Estimated worst slack/total negative slack<setup>: 3.252ns/0.000ns; real time: 12 secs 
Level 4, iteration 2
6(0.00%) conflicts; 0(0.00%) untouched conn; 0 (nbr) score; 
Estimated worst slack/total negative slack<setup>: 3.252ns/0.000ns; real time: 12 secs 
Level 4, iteration 3
2(0.00%) conflicts; 0(0.00%) untouched conn; 0 (nbr) score; 
Estimated worst slack/total negative slack<setup>: 3.252ns/0.000ns; real time: 12 secs 
Level 4, iteration 4
0(0.00%) conflict; 0(0.00%) untouched conn; 0 (nbr) score; 
Estimated worst slack/total negative slack<setup>: 3.252ns/0.000ns; real time: 12 secs 

Start NBR section for setup/hold timing optimization with effort level 3 at 14:21:30 05/29/26

Start NBR section for re-routing at 14:21:30 05/29/26
Level 4, iteration 1
0(0.00%) conflict; 0(0.00%) untouched conn; 0 (nbr) score; 
Estimated worst slack/total negative slack<setup>: 3.252ns/0.000ns; real time: 12 secs 

Start NBR section for post-routing at 14:21:30 05/29/26

End NBR router with 0 unrouted connection

NBR Summary
-----------
  Number of unrouted connections : 0 (0.00%)
  Number of connections with timing violations : 0 (0.00%)
  Estimated worst slack<setup> : 3.252ns
  Timing score<setup> : 0
-----------
Notes: The timing info is calculated for SETUP only and all PAR_ADJs are ignored.



Total CPU time 12 secs 
Total REAL time: 13 secs 
Completely routed.
End of route.  731 routed (100.00%); 0 unrouted.

Hold time timing score: 0, hold timing errors: 0

Timing score: 0 

Dumping design to file UART_forUSB_impl1.dir/5_1.ncd.


PAR_SUMMARY::Run status = Completed
PAR_SUMMARY::Number of unrouted conns = 0
PAR_SUMMARY::Worst  slack<setup/<ns>> = 3.252
PAR_SUMMARY::Timing score<setup/<ns>> = 0.000
PAR_SUMMARY::Worst  slack<hold /<ns>> = 0.170
PAR_SUMMARY::Timing score<hold /<ns>> = 0.000
PAR_SUMMARY::Number of errors = 0

Total CPU  time to completion: 12 secs 
Total REAL time to completion: 13 secs 

par done!

Note: user must run 'Trace' for timing closure signoff.

Copyright (c) 1991-1994 by NeoCAD Inc. All rights reserved.
Copyright (c) 1995 AT&T Corp.   All rights reserved.
Copyright (c) 1995-2001 Lucent Technologies Inc.  All rights reserved.
Copyright (c) 2001 Agere Systems   All rights reserved.
Copyright (c) 2002-2024 Lattice Semiconductor Corporation,  All rights reserved.
Exiting par with exit code 0
Exiting mpartrce with exit code 0

trce -f "UART_forUSB_impl1.pt" -o "UART_forUSB_impl1.twr" "UART_forUSB_impl1.ncd" "UART_forUSB_impl1.prf"
trce:  version Diamond (64-bit) 3.14.0.75.2

Copyright (c) 1991-1994 by NeoCAD Inc. All rights reserved.
Copyright (c) 1995 AT&T Corp.   All rights reserved.
Copyright (c) 1995-2001 Lucent Technologies Inc.  All rights reserved.
Copyright (c) 2001 Agere Systems   All rights reserved.
Copyright (c) 2002-2024 Lattice Semiconductor Corporation,  All rights reserved.

Loading design for application trce from file uart_forusb_impl1.ncd.
Design name: uart_echo
NCD version: 3.3
Vendor:      LATTICE
Device:      LFE5UM-45F
Package:     CABGA381
Performance: 7
Loading device for application trce from file 'sa5p45m.nph' in environment: E:/Apps/Lattice Diamond/ispfpga.
Package Status:                     Final          Version 1.38.
Performance Hardware Data Status:   Final          Version 55.1.
Setup and Hold Report

--------------------------------------------------------------------------------
Lattice TRACE Report - Setup, Version Diamond (64-bit) 3.14.0.75.2
Fri May 29 14:21:32 2026

Copyright (c) 1991-1994 by NeoCAD Inc. All rights reserved.
Copyright (c) 1995 AT&T Corp.   All rights reserved.
Copyright (c) 1995-2001 Lucent Technologies Inc.  All rights reserved.
Copyright (c) 2001 Agere Systems   All rights reserved.
Copyright (c) 2002-2024 Lattice Semiconductor Corporation,  All rights reserved.

Report Information
------------------
Command line:    trce -v 10 -gt -sethld -sp 7 -sphld m -o UART_forUSB_impl1.twr -gui -msgset C:/Users/hoona/Documents/school/Universiteit/Jaar 3/BAP/EE-Dev-BAP/VHDL/UART_forUSB/promote.xml UART_forUSB_impl1.ncd UART_forUSB_impl1.prf 
Design file:     uart_forusb_impl1.ncd
Preference file: uart_forusb_impl1.prf
Device,speed:    LFE5UM-45F,7
Report level:    verbose report, limited to 10 items per preference
--------------------------------------------------------------------------------

BLOCK ASYNCPATHS
BLOCK RESETPATHS
--------------------------------------------------------------------------------



Timing summary (Setup):
---------------

Timing errors: 0  Score: 0
Cumulative negative slack: 0

Constraints cover 3058 paths, 1 nets, and 683 connections (93.43% coverage)

--------------------------------------------------------------------------------
Lattice TRACE Report - Hold, Version Diamond (64-bit) 3.14.0.75.2
Fri May 29 14:21:32 2026

Copyright (c) 1991-1994 by NeoCAD Inc. All rights reserved.
Copyright (c) 1995 AT&T Corp.   All rights reserved.
Copyright (c) 1995-2001 Lucent Technologies Inc.  All rights reserved.
Copyright (c) 2001 Agere Systems   All rights reserved.
Copyright (c) 2002-2024 Lattice Semiconductor Corporation,  All rights reserved.

Report Information
------------------
Command line:    trce -v 10 -gt -sethld -sp 7 -sphld m -o UART_forUSB_impl1.twr -gui -msgset C:/Users/hoona/Documents/school/Universiteit/Jaar 3/BAP/EE-Dev-BAP/VHDL/UART_forUSB/promote.xml UART_forUSB_impl1.ncd UART_forUSB_impl1.prf 
Design file:     uart_forusb_impl1.ncd
Preference file: uart_forusb_impl1.prf
Device,speed:    LFE5UM-45F,m
Report level:    verbose report, limited to 10 items per preference
--------------------------------------------------------------------------------

BLOCK ASYNCPATHS
BLOCK RESETPATHS
--------------------------------------------------------------------------------



Timing summary (Hold):
---------------

Timing errors: 0  Score: 0
Cumulative negative slack: 0

Constraints cover 3058 paths, 1 nets, and 683 connections (93.43% coverage)



Timing summary (Setup and Hold):
---------------

Timing errors: 0 (setup), 0 (hold)
Score: 0 (setup), 0 (hold)
Cumulative negative slack: 0 (0+0)
--------------------------------------------------------------------------------

--------------------------------------------------------------------------------

Total CPU Time: 1 secs 
Total REAL Time: 0 secs 
Peak Memory Usage: 220 MB


iotiming  "UART_forUSB_impl1.ncd" "UART_forUSB_impl1.prf"
I/O Timing Report:
:  version Diamond (64-bit) 3.14.0.75.2

Copyright (c) 1991-1994 by NeoCAD Inc. All rights reserved.
Copyright (c) 1995 AT&T Corp.   All rights reserved.
Copyright (c) 1995-2001 Lucent Technologies Inc.  All rights reserved.
Copyright (c) 2001 Agere Systems   All rights reserved.
Copyright (c) 2002-2024 Lattice Semiconductor Corporation,  All rights reserved.

Loading design for application iotiming from file uart_forusb_impl1.ncd.
Design name: uart_echo
NCD version: 3.3
Vendor:      LATTICE
Device:      LFE5UM-45F
Package:     CABGA381
Performance: 7
Loading device for application iotiming from file 'sa5p45m.nph' in environment: E:/Apps/Lattice Diamond/ispfpga.
Package Status:                     Final          Version 1.38.
Performance Hardware Data Status:   Final          Version 55.1.
Running Performance Grade: 7
Computing Setup Time ...
Computing Max Clock to Output Delay ...
Computing Hold Time ...
Computing Min Clock to Output Delay ...

Loading design for application iotiming from file uart_forusb_impl1.ncd.
Design name: uart_echo
NCD version: 3.3
Vendor:      LATTICE
Device:      LFE5UM-45F
Package:     CABGA381
Performance: 8
Package Status:                     Final          Version 1.38.
Performance Hardware Data Status:   Final          Version 55.1.
Running Performance Grade: 8
Computing Setup Time ...
Computing Max Clock to Output Delay ...
Computing Hold Time ...
Computing Min Clock to Output Delay ...

Loading design for application iotiming from file uart_forusb_impl1.ncd.
Design name: uart_echo
NCD version: 3.3
Vendor:      LATTICE
Device:      LFE5UM-45F
Package:     CABGA381
Performance: 9
Package Status:                     Final          Version 1.38.
Performance Hardware Data Status:   Final          Version 55.1.
Running Performance Grade: 9
Computing Setup Time ...
Computing Max Clock to Output Delay ...
Computing Hold Time ...
Computing Min Clock to Output Delay ...

Loading design for application iotiming from file uart_forusb_impl1.ncd.
Design name: uart_echo
NCD version: 3.3
Vendor:      LATTICE
Device:      LFE5UM-45F
Package:     CABGA381
Performance: M
Package Status:                     Final          Version 1.38.
Performance Hardware Data Status:   Final          Version 55.1.
Running Performance Grade: M
Computing Setup Time ...
Computing Max Clock to Output Delay ...
Computing Hold Time ...
Computing Min Clock to Output Delay ...
Done.

tmcheck -par "UART_forUSB_impl1.par" 

bitgen -w "UART_forUSB_impl1.ncd" -f "UART_forUSB_impl1.t2b" -e -s "C:/Users/hoona/Documents/school/Universiteit/Jaar 3/BAP/EE-Dev-BAP/VHDL/UART_forUSB/UART_forUSB.sec" -k "C:/Users/hoona/Documents/school/Universiteit/Jaar 3/BAP/EE-Dev-BAP/VHDL/UART_forUSB/UART_forUSB.bek" "UART_forUSB_impl1.prf"


BITGEN: Bitstream Generator Diamond (64-bit) 3.14.0.75.2
Copyright (c) 1991-1994 by NeoCAD Inc. All rights reserved.
Copyright (c) 1995 AT&T Corp.   All rights reserved.
Copyright (c) 1995-2001 Lucent Technologies Inc.  All rights reserved.
Copyright (c) 2001 Agere Systems   All rights reserved.
Copyright (c) 2002-2024 Lattice Semiconductor Corporation,  All rights reserved.


Loading design for application Bitgen from file UART_forUSB_impl1.ncd.
Design name: uart_echo
NCD version: 3.3
Vendor:      LATTICE
Device:      LFE5UM-45F
Package:     CABGA381
Performance: 7
Loading device for application Bitgen from file 'sa5p45m.nph' in environment: E:/Apps/Lattice Diamond/ispfpga.
Package Status:                     Final          Version 1.38.
Performance Hardware Data Status:   Final          Version 55.1.

Running DRC.
DRC detected 0 errors and 0 warnings.
Reading Preference File from UART_forUSB_impl1.prf.
    <postMsg mid="1009992" type="Info"    dynamic="1" navigation="0" arg0=" SW_XO3D_SECURITY_ENCRYPTION *NOT* controlled by sa5p00m.acd ###"  />
    <postMsg mid="1009992" type="Info"    dynamic="1" navigation="0" arg0=" SW_XO3D_SECURITY_ENCRYPTION license_securityIP OK"  />

Preference Summary:
+---------------------------------+---------------------------------+
|  Preference                     |  Current Setting                |
+---------------------------------+---------------------------------+
|                         RamCfg  |                        Reset**  |
+---------------------------------+---------------------------------+
|                        CfgMode  |                      Disable**  |
+---------------------------------+---------------------------------+
|                        DONE_EX  |                          OFF**  |
+---------------------------------+---------------------------------+
|                        DONE_OD  |                           ON**  |
+---------------------------------+---------------------------------+
|                     MCCLK_FREQ  |                          2.4**  |
+---------------------------------+---------------------------------+
|                  CONFIG_SECURE  |                          OFF**  |
+---------------------------------+---------------------------------+
|                    CONFIG_MODE  |                         JTAG**  |
+---------------------------------+---------------------------------+
|                        WAKE_UP  |                           21**  |
+---------------------------------+---------------------------------+
|                          INBUF  |                          OFF**  |
+---------------------------------+---------------------------------+
|                             ES  |                           No**  |
+---------------------------------+---------------------------------+
|                 SLAVE_SPI_PORT  |                      DISABLE**  |
+---------------------------------+---------------------------------+
|                MASTER_SPI_PORT  |                      DISABLE**  |
+---------------------------------+---------------------------------+
|                COMPRESS_CONFIG  |                          OFF**  |
+---------------------------------+---------------------------------+
|            BACKGROUND_RECONFIG  |                          OFF**  |
+---------------------------------+---------------------------------+
|                     DisableUES  |                        FALSE**  |
+---------------------------------+---------------------------------+
|            SLAVE_PARALLEL_PORT  |                      DISABLE**  |
+---------------------------------+---------------------------------+
|                      DONE_PULL  |                           ON**  |
+---------------------------------+---------------------------------+
|               CONFIG_IOVOLTAGE  |                          2.5**  |
+---------------------------------+---------------------------------+
|                        TRANSFR  |                          OFF**  |
+---------------------------------+---------------------------------+
 *  Default setting.
 ** The specified setting matches the default setting.


Creating bit map...
 
Bitstream Status: Final           Version 10.27.
 
Saving bit stream in "UART_forUSB_impl1.bit".
Total CPU Time: 4 secs 
Total REAL Time: 4 secs 
Peak Memory Usage: 363 MB
