synthesis:  version Diamond (64-bit) 3.14.0.75.2

Copyright (c) 1991-1994 by NeoCAD Inc. All rights reserved.
Copyright (c) 1995 AT&T Corp.   All rights reserved.
Copyright (c) 1995-2001 Lucent Technologies Inc.  All rights reserved.
Copyright (c) 2001 Agere Systems   All rights reserved.
Copyright (c) 2002-2024 Lattice Semiconductor Corporation,  All rights reserved.
Fri May 29 11:31:39 2026


Command Line:  synthesis -f UART_forUSB_impl1_lattice.synproj -gui -msgset D:/BAP/EE-Dev-BAP/VHDL/UART_forUSB/promote.xml 

Synthesis options:
The -a option is ECP5U.
The -s option is 7.
The -t option is CABGA381.
The -d option is LFE5U-45F.
Using package CABGA381.
Using performance grade 7.
                                                          

##########################################################

### Lattice Family : ECP5U

### Device  : LFE5U-45F

### Package : CABGA381

### Speed   : 7

##########################################################

                                                          

INFO - synthesis: User-Selected Strategy Settings
Optimization goal = Timing
Top-level module name = uart_echo.
Target frequency = 200.000000 MHz.
Maximum fanout = 1000.
Timing path count = 3
BRAM utilization = 100.000000 %
DSP usage = true
DSP utilization = 100.000000 %
fsm_encoding_style = auto
resolve_mixed_drivers = 0
fix_gated_clocks = 1

Mux style = Auto
Use Carry Chain = true
carry_chain_length = 0
Loop Limit = 1950.
Use IO Insertion = TRUE
Use IO Reg = AUTO

Resource Sharing = TRUE
Propagate Constants = TRUE
Remove Duplicate Registers = TRUE
force_gsr = auto
ROM style = auto
RAM style = auto
The -comp option is FALSE.
The -syn option is FALSE.
-p D:/lscc/diamond/3.14/ispfpga/sa5p00/data (searchpath added)
-p D:/BAP/EE-Dev-BAP/VHDL/UART_forUSB/impl1 (searchpath added)
-p D:/BAP/EE-Dev-BAP/VHDL/UART_forUSB (searchpath added)
VHDL library = work
VHDL design file = D:/BAP/EE-Dev-BAP/VHDL/UART_forUSB/olo_base_strobe_gen.vhd
VHDL design file = D:/BAP/EE-Dev-BAP/VHDL/UART_forUSB/olo_intf_sync.vhd
VHDL design file = D:/BAP/EE-Dev-BAP/VHDL/UART_forUSB/olo_intf_uart.vhd
VHDL design file = D:/BAP/EE-Dev-BAP/VHDL/UART_forUSB/olo_base_pkg_array.vhd
VHDL design file = D:/BAP/EE-Dev-BAP/VHDL/UART_forUSB/olo_base_pkg_attribute.vhd
VHDL design file = D:/BAP/EE-Dev-BAP/VHDL/UART_forUSB/olo_base_pkg_logic.vhd
VHDL design file = D:/BAP/EE-Dev-BAP/VHDL/UART_forUSB/olo_base_pkg_math.vhd
VHDL design file = D:/BAP/EE-Dev-BAP/VHDL/UART_forUSB/olo_base_pkg_string.vhd
VHDL design file = D:/BAP/EE-Dev-BAP/VHDL/UART_forUSB/uart_echo.vhd
NGD file = UART_forUSB_impl1.ngd
-sdc option: SDC file input not used.
-lpf option: Output file option is ON.
-vh2008

Hardtimer checking is enabled (default). The -dt option is not used.
The -r option is OFF. [ Remove LOC Properties is OFF. ]
Technology check ok...

Analyzing Verilog file D:/lscc/diamond/3.14/ispfpga/userware/NT/SYNTHESIS_HEADERS/ecp5u.v. VERI-1482
Compile design.
Compile Design Begin
INFO - synthesis: The default VHDL library search path is now "D:/BAP/EE-Dev-BAP/VHDL/UART_forUSB/impl1". VHDL-1504
Analyzing VHDL file d:/bap/ee-dev-bap/vhdl/uart_forusb/olo_base_pkg_array.vhd. VHDL-1481
INFO - synthesis: d:/bap/ee-dev-bap/vhdl/uart_forusb/olo_base_pkg_array.vhd(27): analyzing package olo_base_pkg_array. VHDL-1014
INFO - synthesis: d:/bap/ee-dev-bap/vhdl/uart_forusb/olo_base_pkg_array.vhd(82): analyzing package body olo_base_pkg_array. VHDL-1013
Analyzing VHDL file d:/bap/ee-dev-bap/vhdl/uart_forusb/olo_base_pkg_math.vhd. VHDL-1481
INFO - synthesis: d:/bap/ee-dev-bap/vhdl/uart_forusb/olo_base_pkg_math.vhd(32): analyzing package olo_base_pkg_math. VHDL-1014
INFO - synthesis: d:/bap/ee-dev-bap/vhdl/uart_forusb/olo_base_pkg_math.vhd(158): analyzing package body olo_base_pkg_math. VHDL-1013
Analyzing VHDL file d:/bap/ee-dev-bap/vhdl/uart_forusb/olo_base_strobe_gen.vhd. VHDL-1481
INFO - synthesis: d:/bap/ee-dev-bap/vhdl/uart_forusb/olo_base_strobe_gen.vhd(33): analyzing entity olo_base_strobe_gen. VHDL-1012
INFO - synthesis: d:/bap/ee-dev-bap/vhdl/uart_forusb/olo_base_strobe_gen.vhd(51): analyzing architecture rtl. VHDL-1010
Analyzing VHDL file d:/bap/ee-dev-bap/vhdl/uart_forusb/olo_base_pkg_attribute.vhd. VHDL-1481
INFO - synthesis: d:/bap/ee-dev-bap/vhdl/uart_forusb/olo_base_pkg_attribute.vhd(28): analyzing package olo_base_pkg_attribute. VHDL-1014
INFO - synthesis: d:/bap/ee-dev-bap/vhdl/uart_forusb/olo_base_pkg_attribute.vhd(123): analyzing package body olo_base_pkg_attribute. VHDL-1013
Analyzing VHDL file d:/bap/ee-dev-bap/vhdl/uart_forusb/olo_intf_sync.vhd. VHDL-1481
INFO - synthesis: d:/bap/ee-dev-bap/vhdl/uart_forusb/olo_intf_sync.vhd(33): analyzing entity olo_intf_sync. VHDL-1012
INFO - synthesis: d:/bap/ee-dev-bap/vhdl/uart_forusb/olo_intf_sync.vhd(53): analyzing architecture struct. VHDL-1010
Analyzing VHDL file d:/bap/ee-dev-bap/vhdl/uart_forusb/olo_base_pkg_logic.vhd. VHDL-1481
INFO - synthesis: d:/bap/ee-dev-bap/vhdl/uart_forusb/olo_base_pkg_logic.vhd(31): analyzing package olo_base_pkg_logic. VHDL-1014
INFO - synthesis: d:/bap/ee-dev-bap/vhdl/uart_forusb/olo_base_pkg_logic.vhd(116): analyzing package body olo_base_pkg_logic. VHDL-1013
Analyzing VHDL file d:/bap/ee-dev-bap/vhdl/uart_forusb/olo_base_pkg_string.vhd. VHDL-1481
INFO - synthesis: d:/bap/ee-dev-bap/vhdl/uart_forusb/olo_base_pkg_string.vhd(28): analyzing package olo_base_pkg_string. VHDL-1014
INFO - synthesis: d:/bap/ee-dev-bap/vhdl/uart_forusb/olo_base_pkg_string.vhd(58): analyzing package body olo_base_pkg_string. VHDL-1013
Analyzing VHDL file d:/bap/ee-dev-bap/vhdl/uart_forusb/olo_intf_uart.vhd. VHDL-1481
INFO - synthesis: d:/bap/ee-dev-bap/vhdl/uart_forusb/olo_intf_uart.vhd(33): analyzing entity olo_intf_uart. VHDL-1012
INFO - synthesis: d:/bap/ee-dev-bap/vhdl/uart_forusb/olo_intf_uart.vhd(62): analyzing architecture rtl. VHDL-1010
Analyzing VHDL file d:/bap/ee-dev-bap/vhdl/uart_forusb/uart_echo.vhd. VHDL-1481
INFO - synthesis: d:/bap/ee-dev-bap/vhdl/uart_forusb/uart_echo.vhd(5): analyzing entity uart_echo. VHDL-1012
INFO - synthesis: d:/bap/ee-dev-bap/vhdl/uart_forusb/uart_echo.vhd(15): analyzing architecture rtl. VHDL-1010
unit uart_echo is not yet analyzed. VHDL-1485
d:/bap/ee-dev-bap/vhdl/uart_forusb/uart_echo.vhd(5): executing uart_echo(rtl)

WARNING - synthesis: d:/bap/ee-dev-bap/vhdl/uart_forusb/uart_echo.vhd(13): replacing existing netlist uart_echo(rtl). VHDL-1205
Top module name (VHDL): uart_echo
Loading NGL library 'D:/lscc/diamond/3.14/ispfpga/sa5p00/data/sa5plib.ngl'...
Loading NGL library 'D:/lscc/diamond/3.14/ispfpga/xo2c00/data/xo2clib.ngl'...
Loading NGL library 'D:/lscc/diamond/3.14/ispfpga/mg5g00/data/mg5glib.ngl'...
Loading NGL library 'D:/lscc/diamond/3.14/ispfpga/or5g00/data/orc5glib.ngl'...
Loading device for application map from file 'sa5p45.nph' in environment: D:/lscc/diamond/3.14/ispfpga.
Package Status:                     Final          Version 1.50.
Top-level module name = uart_echo.
WARNING - synthesis: Initial value found on net RegN[0][0] will be ignored due to unrecognized driver type
WARNING - synthesis: Initial value found on net Reg0[0]_keep will be ignored due to unrecognized driver type
INFO - synthesis: Extracted state machine for register '\u_uart/r.StateTx' with one-hot encoding
original encoding -> new encoding (one-hot encoding)

 00 -> 0001

 01 -> 0010

 10 -> 0100

 11 -> 1000

INFO - synthesis: Extracted state machine for register '\u_uart/r.StateRx' with one-hot encoding
original encoding -> new encoding (one-hot encoding)

 000 -> 0001

 001 -> 0010

 010 -> 0100

 100 -> 1000




WARNING - synthesis: Bit 9 of Register \u_uart/r.TxShiftReg is stuck at Zero
GSR will not be inferred because no asynchronous signal was found in the netlist.
Applying 200.000000 MHz constraint to all clocks

WARNING - synthesis: No user .sdc file.
Results of NGD DRC are available in uart_echo_drc.log.
Loading NGL library 'D:/lscc/diamond/3.14/ispfpga/sa5p00/data/sa5plib.ngl'...
Loading NGL library 'D:/lscc/diamond/3.14/ispfpga/xo2c00/data/xo2clib.ngl'...
Loading NGL library 'D:/lscc/diamond/3.14/ispfpga/mg5g00/data/mg5glib.ngl'...
Loading NGL library 'D:/lscc/diamond/3.14/ispfpga/or5g00/data/orc5glib.ngl'...
All blocks are expanded and NGD expansion is successful.
Writing NGD file UART_forUSB_impl1.ngd.

################### Begin Area Report (uart_echo)######################
Number of register bits => 95 of 44457 (0 % )
CCU2C => 18
FD1P3AX => 31
FD1P3IX => 9
FD1S3AX => 6
FD1S3IX => 45
FD1S3JX => 4
GSR => 1
IB => 3
LUT4 => 100
OB => 1
PFUMX => 4
################### End Area Report ##################

################### Begin Clock Report ######################
Clock Nets
Number of Clocks: 1
  Net : Clk_c, loads : 95
Clock Enable Nets
Number of Clock Enables: 7
Top 7 highest fanout Clock Enables:
  Net : u_uart/Clk_c_enable_38, loads : 10
  Net : Clk_c_enable_36, loads : 8
  Net : u_uart/Clk_c_enable_16, loads : 8
  Net : Clk_c_enable_29, loads : 8
  Net : u_uart/Clk_c_enable_39, loads : 5
  Net : u_uart/Clk_c_enable_7, loads : 1
Highest fanout non-clock nets
Top 10 highest fanout non-clock nets:
  Net : Rst_c, loads : 22
  Net : u_uart/i_strb_tx/n390, loads : 16
  Net : u_uart/i_strb_rx/n394, loads : 16
  Net : u_uart/r.RxCount_0, loads : 12
  Net : u_uart/i_strb_rx/RxStrobe, loads : 12
  Net : u_uart/r.RxCount_1, loads : 12
  Net : u_uart/r.TxCount_0, loads : 11
  Net : u_uart/r.RxCount_2, loads : 11
  Net : u_uart/Clk_c_enable_38, loads : 10
  Net : u_uart/n139, loads : 9
################### End Clock Report ##################

Timing Report Summary
--------------
--------------------------------------------------------------------------------
Constraint                              |   Constraint|       Actual|Levels
--------------------------------------------------------------------------------
                                        |             |             |
create_clock -period 5.000000 -name     |             |             |
clk0 [get_nets Clk_c]                   |  200.000 MHz|  121.124 MHz|    13 *
                                        |             |             |
--------------------------------------------------------------------------------


1 constraints not met.


Peak Memory Usage: 135.363  MB

--------------------------------------------------------------
Elapsed CPU time for LSE flow : 2.469  secs
--------------------------------------------------------------
