--------------------------------------------------------------------------------
Lattice Synthesis Timing Report, Version  
Fri May 29 11:31:42 2026

Copyright (c) 1991-1994 by NeoCAD Inc. All rights reserved.
Copyright (c) 1995 AT&T Corp.   All rights reserved.
Copyright (c) 1995-2001 Lucent Technologies Inc.  All rights reserved.
Copyright (c) 2001 Agere Systems   All rights reserved.
Copyright (c) 2002-2024 Lattice Semiconductor Corporation,  All rights reserved.

Report Information
------------------
Design:     uart_echo
Constraint file:  
Report level:    verbose report, limited to 3 items per constraint
--------------------------------------------------------------------------------



================================================================================
Constraint: create_clock -period 5.000000 -name clk0 [get_nets Clk_c]
            1937 items scored, 1937 timing errors detected.
--------------------------------------------------------------------------------


Error:  The following path violates requirements by 3.256ns

 Logical Details:  Cell type  Pin type       Cell name  (clock net +/-)

   Source:         FD1S3IX    CK             \u_uart/i_strb_tx/Count_287__i0  (from Clk_c +)
   Destination:    FD1S3IX    D              \u_uart/i_strb_tx/Count_287__i15  (to Clk_c +)

   Delay:                   8.501ns  (30.7% logic, 69.3% route), 13 logic levels.

 Constraint Details:

      8.501ns data_path \u_uart/i_strb_tx/Count_287__i0 to \u_uart/i_strb_tx/Count_287__i15 violates
      5.000ns delay constraint less
     -0.245ns L_S requirement (totaling 5.245ns) by 3.256ns

 Path Details: \u_uart/i_strb_tx/Count_287__i0 to \u_uart/i_strb_tx/Count_287__i15

   Name    Fanout   Delay (ns)          Pins               Resource(Cell.Net)
L_CO        ---     0.511             CK to Q              \u_uart/i_strb_tx/Count_287__i0 (from Clk_c)
Route         2   e 1.258                                  \u_uart/i_strb_tx/Count[0]
LUT4        ---     0.232              B to Z              \u_uart/i_strb_tx/i1_3_lut_adj_10
Route         1   e 1.020                                  \u_uart/i_strb_tx/n1211
LUT4        ---     0.232              C to Z              \u_uart/i_strb_tx/i1_4_lut
Route         1   e 1.020                                  \u_uart/i_strb_tx/n1252
LUT4        ---     0.232              D to Z              \u_uart/i_strb_tx/i395_4_lut
Route         7   e 1.409                                  \u_uart/i_strb_tx/n28
A1_TO_FCO   ---     0.460           C[2] to COUT           \u_uart/i_strb_tx/Count_287_add_4_1
Route         1   e 0.020                                  \u_uart/i_strb_tx/n1039
FCI_TO_FCO  ---     0.071            CIN to COUT           \u_uart/i_strb_tx/Count_287_add_4_3
Route         1   e 0.020                                  \u_uart/i_strb_tx/n1040
FCI_TO_FCO  ---     0.071            CIN to COUT           \u_uart/i_strb_tx/Count_287_add_4_5
Route         1   e 0.020                                  \u_uart/i_strb_tx/n1041
FCI_TO_FCO  ---     0.071            CIN to COUT           \u_uart/i_strb_tx/Count_287_add_4_7
Route         1   e 0.020                                  \u_uart/i_strb_tx/n1042
FCI_TO_FCO  ---     0.071            CIN to COUT           \u_uart/i_strb_tx/Count_287_add_4_9
Route         1   e 0.020                                  \u_uart/i_strb_tx/n1043
FCI_TO_FCO  ---     0.071            CIN to COUT           \u_uart/i_strb_tx/Count_287_add_4_11
Route         1   e 0.020                                  \u_uart/i_strb_tx/n1044
FCI_TO_FCO  ---     0.071            CIN to COUT           \u_uart/i_strb_tx/Count_287_add_4_13
Route         1   e 0.020                                  \u_uart/i_strb_tx/n1045
FCI_TO_FCO  ---     0.071            CIN to COUT           \u_uart/i_strb_tx/Count_287_add_4_15
Route         1   e 0.020                                  \u_uart/i_strb_tx/n1046
FCI_TO_F    ---     0.450            CIN to S[2]           \u_uart/i_strb_tx/Count_287_add_4_17
Route         1   e 1.020                                  \u_uart/i_strb_tx/n70
                  --------
                    8.501  (30.7% logic, 69.3% route), 13 logic levels.


Error:  The following path violates requirements by 3.256ns

 Logical Details:  Cell type  Pin type       Cell name  (clock net +/-)

   Source:         FD1S3IX    CK             \u_uart/i_strb_rx/Count_288__i0  (from Clk_c +)
   Destination:    FD1S3IX    D              \u_uart/i_strb_rx/Count_288__i15  (to Clk_c +)

   Delay:                   8.501ns  (30.7% logic, 69.3% route), 13 logic levels.

 Constraint Details:

      8.501ns data_path \u_uart/i_strb_rx/Count_288__i0 to \u_uart/i_strb_rx/Count_288__i15 violates
      5.000ns delay constraint less
     -0.245ns L_S requirement (totaling 5.245ns) by 3.256ns

 Path Details: \u_uart/i_strb_rx/Count_288__i0 to \u_uart/i_strb_rx/Count_288__i15

   Name    Fanout   Delay (ns)          Pins               Resource(Cell.Net)
L_CO        ---     0.511             CK to Q              \u_uart/i_strb_rx/Count_288__i0 (from Clk_c)
Route         2   e 1.258                                  \u_uart/i_strb_rx/Count[0]
LUT4        ---     0.232              B to Z              \u_uart/i_strb_rx/i1_3_lut_adj_9
Route         1   e 1.020                                  \u_uart/i_strb_rx/n1210
LUT4        ---     0.232              C to Z              \u_uart/i_strb_rx/i1_4_lut
Route         1   e 1.020                                  \u_uart/i_strb_rx/n1257
LUT4        ---     0.232              D to Z              \u_uart/i_strb_rx/i365_4_lut
Route         7   e 1.409                                  \u_uart/i_strb_rx/n28
A1_TO_FCO   ---     0.460           C[2] to COUT           \u_uart/i_strb_rx/Count_288_add_4_1
Route         1   e 0.020                                  \u_uart/i_strb_rx/n1047
FCI_TO_FCO  ---     0.071            CIN to COUT           \u_uart/i_strb_rx/Count_288_add_4_3
Route         1   e 0.020                                  \u_uart/i_strb_rx/n1048
FCI_TO_FCO  ---     0.071            CIN to COUT           \u_uart/i_strb_rx/Count_288_add_4_5
Route         1   e 0.020                                  \u_uart/i_strb_rx/n1049
FCI_TO_FCO  ---     0.071            CIN to COUT           \u_uart/i_strb_rx/Count_288_add_4_7
Route         1   e 0.020                                  \u_uart/i_strb_rx/n1050
FCI_TO_FCO  ---     0.071            CIN to COUT           \u_uart/i_strb_rx/Count_288_add_4_9
Route         1   e 0.020                                  \u_uart/i_strb_rx/n1051
FCI_TO_FCO  ---     0.071            CIN to COUT           \u_uart/i_strb_rx/Count_288_add_4_11
Route         1   e 0.020                                  \u_uart/i_strb_rx/n1052
FCI_TO_FCO  ---     0.071            CIN to COUT           \u_uart/i_strb_rx/Count_288_add_4_13
Route         1   e 0.020                                  \u_uart/i_strb_rx/n1053
FCI_TO_FCO  ---     0.071            CIN to COUT           \u_uart/i_strb_rx/Count_288_add_4_15
Route         1   e 0.020                                  \u_uart/i_strb_rx/n1054
FCI_TO_F    ---     0.450            CIN to S[2]           \u_uart/i_strb_rx/Count_288_add_4_17
Route         1   e 1.020                                  \u_uart/i_strb_rx/n70
                  --------
                    8.501  (30.7% logic, 69.3% route), 13 logic levels.


Error:  The following path violates requirements by 3.256ns

 Logical Details:  Cell type  Pin type       Cell name  (clock net +/-)

   Source:         FD1S3IX    CK             \u_uart/i_strb_tx/Count_287__i9  (from Clk_c +)
   Destination:    FD1S3IX    D              \u_uart/i_strb_tx/Count_287__i15  (to Clk_c +)

   Delay:                   8.501ns  (30.7% logic, 69.3% route), 13 logic levels.

 Constraint Details:

      8.501ns data_path \u_uart/i_strb_tx/Count_287__i9 to \u_uart/i_strb_tx/Count_287__i15 violates
      5.000ns delay constraint less
     -0.245ns L_S requirement (totaling 5.245ns) by 3.256ns

 Path Details: \u_uart/i_strb_tx/Count_287__i9 to \u_uart/i_strb_tx/Count_287__i15

   Name    Fanout   Delay (ns)          Pins               Resource(Cell.Net)
L_CO        ---     0.511             CK to Q              \u_uart/i_strb_tx/Count_287__i9 (from Clk_c)
Route         2   e 1.258                                  \u_uart/i_strb_tx/Count[9]
LUT4        ---     0.232              C to Z              \u_uart/i_strb_tx/i1_3_lut_adj_11
Route         1   e 1.020                                  \u_uart/i_strb_tx/n1276
LUT4        ---     0.232              A to Z              \u_uart/i_strb_tx/i1_4_lut
Route         1   e 1.020                                  \u_uart/i_strb_tx/n1252
LUT4        ---     0.232              D to Z              \u_uart/i_strb_tx/i395_4_lut
Route         7   e 1.409                                  \u_uart/i_strb_tx/n28
A1_TO_FCO   ---     0.460           C[2] to COUT           \u_uart/i_strb_tx/Count_287_add_4_1
Route         1   e 0.020                                  \u_uart/i_strb_tx/n1039
FCI_TO_FCO  ---     0.071            CIN to COUT           \u_uart/i_strb_tx/Count_287_add_4_3
Route         1   e 0.020                                  \u_uart/i_strb_tx/n1040
FCI_TO_FCO  ---     0.071            CIN to COUT           \u_uart/i_strb_tx/Count_287_add_4_5
Route         1   e 0.020                                  \u_uart/i_strb_tx/n1041
FCI_TO_FCO  ---     0.071            CIN to COUT           \u_uart/i_strb_tx/Count_287_add_4_7
Route         1   e 0.020                                  \u_uart/i_strb_tx/n1042
FCI_TO_FCO  ---     0.071            CIN to COUT           \u_uart/i_strb_tx/Count_287_add_4_9
Route         1   e 0.020                                  \u_uart/i_strb_tx/n1043
FCI_TO_FCO  ---     0.071            CIN to COUT           \u_uart/i_strb_tx/Count_287_add_4_11
Route         1   e 0.020                                  \u_uart/i_strb_tx/n1044
FCI_TO_FCO  ---     0.071            CIN to COUT           \u_uart/i_strb_tx/Count_287_add_4_13
Route         1   e 0.020                                  \u_uart/i_strb_tx/n1045
FCI_TO_FCO  ---     0.071            CIN to COUT           \u_uart/i_strb_tx/Count_287_add_4_15
Route         1   e 0.020                                  \u_uart/i_strb_tx/n1046
FCI_TO_F    ---     0.450            CIN to S[2]           \u_uart/i_strb_tx/Count_287_add_4_17
Route         1   e 1.020                                  \u_uart/i_strb_tx/n70
                  --------
                    8.501  (30.7% logic, 69.3% route), 13 logic levels.

Warning: 8.256 ns is the maximum delay for this constraint.


Timing Report Summary
--------------
--------------------------------------------------------------------------------
Constraint                              |   Constraint|       Actual|Levels
--------------------------------------------------------------------------------
                                        |             |             |
create_clock -period 5.000000 -name     |             |             |
clk0 [get_nets Clk_c]                   |     5.000 ns|     8.256 ns|    13 *
                                        |             |             |
--------------------------------------------------------------------------------


1 constraints not met.

--------------------------------------------------------------------------------
Critical Nets                           |   Loads|  Errors| % of total
--------------------------------------------------------------------------------
\u_uart/i_strb_rx/n28                   |       7|     816|     42.13%
                                        |        |        |
\u_uart/i_strb_tx/n28                   |       7|     816|     42.13%
                                        |        |        |
\u_uart/i_strb_rx/n1257                 |       1|     600|     30.98%
                                        |        |        |
\u_uart/i_strb_tx/n1252                 |       1|     600|     30.98%
                                        |        |        |
\u_uart/i_strb_rx/n1049                 |       1|     462|     23.85%
                                        |        |        |
\u_uart/i_strb_tx/n1041                 |       1|     462|     23.85%
                                        |        |        |
\u_uart/i_strb_rx/n1050                 |       1|     378|     19.51%
                                        |        |        |
\u_uart/i_strb_tx/n1042                 |       1|     378|     19.51%
                                        |        |        |
\u_uart/i_strb_rx/n1048                 |       1|     364|     18.79%
                                        |        |        |
\u_uart/i_strb_tx/n1040                 |       1|     364|     18.79%
                                        |        |        |
\u_uart/i_strb_rx/n1051                 |       1|     294|     15.18%
                                        |        |        |
\u_uart/i_strb_tx/n1043                 |       1|     294|     15.18%
                                        |        |        |
\u_uart/i_strb_rx/n1052                 |       1|     280|     14.46%
                                        |        |        |
\u_uart/i_strb_tx/n1044                 |       1|     280|     14.46%
                                        |        |        |
\u_uart/i_strb_rx/n1047                 |       1|     210|     10.84%
                                        |        |        |
\u_uart/i_strb_rx/n1053                 |       1|     210|     10.84%
                                        |        |        |
\u_uart/i_strb_tx/n1039                 |       1|     210|     10.84%
                                        |        |        |
\u_uart/i_strb_tx/n1045                 |       1|     210|     10.84%
                                        |        |        |
--------------------------------------------------------------------------------


Timing summary:
---------------

Timing errors: 1937  Score: 3756970

Constraints cover  2951 paths, 247 nets, and 684 connections (96.6% coverage)


Peak memory: 141463552 bytes, TRCE: 2609152 bytes, DLYMAN: 0 bytes
CPU_TIME_REPORT: 0 secs 
